2025-09-12 18:50:45,983 [INFO] Activator:176 - 


2025-09-12 18:50:45,986 [INFO] Activator:177 - !SESSION log4j initialized
2025-09-12 18:50:49,114 [INFO] LogOutputStream:77 - [STDOUT_REDIRECT] 
2025-09-12 18:50:49,606 [INFO] ApplicationProperties:184 - Using Application install path: /opt/st/stm32cubeide_1.18.0/plugins/com.st.stm32cube.common.mx_6.14.0.202502271554
2025-09-12 18:50:49,620 [INFO] DbMcusXml:78 - Set database path to: /opt/st/stm32cubeide_1.18.0/plugins/com.st.stm32cube.common.mx_6.14.0.202502271554//db//mcu/
2025-09-12 18:50:49,621 [INFO] ApiDb:274 - Set plugin database path to: /opt/st/stm32cubeide_1.18.0/plugins/com.st.stm32cube.common.mx_6.14.0.202502271554//db//plugins/boardmanager/
2025-09-12 18:50:49,621 [WARN] ApiDb:259 - Overriding images path with different value:  => /opt/st/stm32cubeide_1.18.0/plugins/com.st.stm32cube.common.mx_6.14.0.202502271554//db//plugins/mcufinder/images/
2025-09-12 18:50:49,627 [INFO] ApiDb:250 - Set database path to: /home/lenovo/.stmcufinder/plugins/mcufinder//mcu/
2025-09-12 18:50:49,627 [INFO] DbMcusAds:125 - Set database path to: /home/lenovo/.stmcufinder/plugins/mcufinder//mcu/
2025-09-12 18:50:49,629 [INFO] CrossReferenceDbSqlite:203 - Set database path to: /home/lenovo/.stmcufinder/plugins/mcufinder//mcu/cs/
2025-09-12 18:50:49,715 [INFO] RulesReader:64 - Compatibility file has been processed (301 Rules)
2025-09-12 18:50:49,767 [INFO] DbMcusXml:78 - Set database path to: /opt/st/stm32cubeide_1.18.0/plugins/com.st.stm32cube.common.mx_6.14.0.202502271554//db//mcu/
2025-09-12 18:50:49,767 [INFO] ApiDb:274 - Set plugin database path to: /opt/st/stm32cubeide_1.18.0/plugins/com.st.stm32cube.common.mx_6.14.0.202502271554//db//plugins/boardmanager/
2025-09-12 18:50:49,767 [INFO] ApiDb:261 - Set plugin images path to: /opt/st/stm32cubeide_1.18.0/plugins/com.st.stm32cube.common.mx_6.14.0.202502271554//db//plugins/mcufinder/images/
2025-09-12 18:50:49,767 [WARN] DbFile:41 - Overriding database path with different value: /home/lenovo/.stmcufinder/plugins/mcufinder/ => /home/lenovo/.stmcufinder/plugins/mcufinder
2025-09-12 18:50:49,767 [INFO] ApiDb:250 - Set database path to: /home/lenovo/.stmcufinder/plugins/mcufinder//mcu/
2025-09-12 18:50:49,767 [WARN] DbFile:41 - Overriding database path with different value: /home/lenovo/.stmcufinder/plugins/mcufinder/ => /home/lenovo/.stmcufinder/plugins/mcufinder
2025-09-12 18:50:49,767 [INFO] DbMcusAds:125 - Set database path to: /home/lenovo/.stmcufinder/plugins/mcufinder//mcu/
2025-09-12 18:50:49,767 [WARN] DbFile:41 - Overriding database path with different value: /home/lenovo/.stmcufinder/plugins/mcufinder/ => /home/lenovo/.stmcufinder/plugins/mcufinder
2025-09-12 18:50:49,767 [WARN] DbFile:41 - Overriding database path with different value: /home/lenovo/.stmcufinder/plugins/mcufinder/ => /home/lenovo/.stmcufinder/plugins/mcufinder
2025-09-12 18:50:49,767 [INFO] CrossReferenceDbSqlite:203 - Set database path to: /home/lenovo/.stmcufinder/plugins/mcufinder//mcu/cs/
2025-09-12 18:50:49,821 [INFO] MainPanel:272 - HeapMemory: 268435456
2025-09-12 18:50:49,921 [INFO] DbMcusXml:78 - Set database path to: /opt/st/stm32cubeide_1.18.0/plugins/com.st.stm32cube.common.mx_6.14.0.202502271554//db//mcu/
2025-09-12 18:50:49,922 [INFO] ApiDb:274 - Set plugin database path to: /opt/st/stm32cubeide_1.18.0/plugins/com.st.stm32cube.common.mx_6.14.0.202502271554//db//plugins/boardmanager/
2025-09-12 18:50:49,922 [INFO] ApiDb:261 - Set plugin images path to: /opt/st/stm32cubeide_1.18.0/plugins/com.st.stm32cube.common.mx_6.14.0.202502271554//db//plugins/mcufinder/images/
2025-09-12 18:50:49,922 [WARN] DbFile:41 - Overriding database path with different value: /home/lenovo/.stmcufinder/plugins/mcufinder/ => /home/lenovo/.stmcufinder/plugins/mcufinder
2025-09-12 18:50:49,922 [INFO] ApiDb:250 - Set database path to: /home/lenovo/.stmcufinder/plugins/mcufinder//mcu/
2025-09-12 18:50:49,922 [WARN] DbFile:41 - Overriding database path with different value: /home/lenovo/.stmcufinder/plugins/mcufinder/ => /home/lenovo/.stmcufinder/plugins/mcufinder
2025-09-12 18:50:49,922 [INFO] DbMcusAds:125 - Set database path to: /home/lenovo/.stmcufinder/plugins/mcufinder//mcu/
2025-09-12 18:50:49,922 [WARN] DbFile:41 - Overriding database path with different value: /home/lenovo/.stmcufinder/plugins/mcufinder/ => /home/lenovo/.stmcufinder/plugins/mcufinder
2025-09-12 18:50:49,922 [WARN] DbFile:41 - Overriding database path with different value: /home/lenovo/.stmcufinder/plugins/mcufinder/ => /home/lenovo/.stmcufinder/plugins/mcufinder
2025-09-12 18:50:49,922 [INFO] CrossReferenceDbSqlite:203 - Set database path to: /home/lenovo/.stmcufinder/plugins/mcufinder//mcu/cs/
2025-09-12 18:50:49,934 [INFO] ApplicationProperties:184 - Using Application install path: /opt/st/stm32cubeide_1.18.0/plugins/com.st.stm32cube.common.mx_6.14.0.202502271554
2025-09-12 18:50:49,935 [INFO] PluginManage:196 - Search for loadable plugins [exclusion list=, ]
2025-09-12 18:50:49,936 [INFO] PluginManage:310 - Check plugin analytics
2025-09-12 18:50:50,052 [INFO] AnalyticsPlugin:253 - Accepted Software Licenses: 
2025-09-12 18:50:50,052 [INFO] AnalyticsPlugin:255 - Accepted CMSIS Pack Licenses: 
2025-09-12 18:50:50,052 [INFO] AnalyticsPlugin:257 - Accepted Firmware Licenses: 
2025-09-12 18:50:50,054 [INFO] PluginManage:359 - Loaded plugin analytics (category:tool,tabindex:-1)
2025-09-12 18:50:50,054 [INFO] PluginManage:310 - Check plugin cadmodel
2025-09-12 18:50:50,058 [INFO] CADModel:105 - Init CAD model plugin
2025-09-12 18:50:50,058 [INFO] PluginManage:359 - Loaded plugin cadmodel (category:power,tabindex:5)
2025-09-12 18:50:50,059 [INFO] PluginManage:310 - Check plugin clock
2025-09-12 18:50:50,067 [INFO] PluginManage:359 - Loaded plugin clock (category:base,tabindex:2)
2025-09-12 18:50:50,067 [INFO] PluginManage:310 - Check plugin ddr
2025-09-12 18:50:50,069 [INFO] PluginManage:359 - Loaded plugin ddr (category:tool,tabindex:6)
2025-09-12 18:50:50,069 [INFO] PluginManage:310 - Check plugin filemanager
2025-09-12 18:50:50,176 [INFO] PluginManage:359 - Loaded plugin filemanager (category:base,tabindex:10)
2025-09-12 18:50:50,176 [INFO] PluginManage:310 - Check plugin ipmanager
2025-09-12 18:50:50,181 [INFO] PluginManage:359 - Loaded plugin ipmanager (category:base,tabindex:5)
2025-09-12 18:50:50,181 [INFO] PluginManage:310 - Check plugin lpbam
2025-09-12 18:50:50,189 [INFO] PluginManage:359 - Loaded plugin lpbam (category:base,tabindex:0)
2025-09-12 18:50:50,189 [INFO] PluginManage:310 - Check plugin memorymap
2025-09-12 18:50:50,199 [INFO] PluginManage:359 - Loaded plugin memorymap (category:base,tabindex:4)
2025-09-12 18:50:50,199 [INFO] PluginManage:310 - Check plugin pinoutandconfiguration
2025-09-12 18:50:50,207 [INFO] PluginManage:359 - Loaded plugin pinoutandconfiguration (category:base,tabindex:1)
2025-09-12 18:50:50,207 [INFO] PluginManage:310 - Check plugin pinoutconfig
2025-09-12 18:50:50,275 [WARN] SupportedApi:132 - Cannot load RTOS API schema: s4s-elt-must-match.1: The content of 'definitions' must match (annotation?, (simpleType | complexType)?, (unique | key | keyref)*)). A problem was found starting at: attribute.
2025-09-12 18:50:50,371 [INFO] PluginManage:359 - Loaded plugin pinoutconfig (category:base,tabindex:0)
2025-09-12 18:50:50,371 [INFO] PluginManage:310 - Check plugin power
2025-09-12 18:50:50,379 [INFO] PluginManage:359 - Loaded plugin power (category:power,tabindex:4)
2025-09-12 18:50:50,379 [INFO] PluginManage:310 - Check plugin projectmanager
2025-09-12 18:50:50,390 [INFO] PluginManage:359 - Loaded plugin projectmanager (category:projectmanager,tabindex:4)
2025-09-12 18:50:50,390 [INFO] PluginManage:310 - Check plugin rif
2025-09-12 18:50:50,396 [INFO] PluginManage:359 - Loaded plugin rif (category:base,tabindex:3)
2025-09-12 18:50:50,396 [INFO] PluginManage:310 - Check plugin thirdparty
2025-09-12 18:50:50,472 [INFO] PluginManage:359 - Loaded plugin thirdparty (category:base,tabindex:-1)
2025-09-12 18:50:50,472 [WARN] IntegrityCheckThread:84 - waiting for thirdparty lock release [integrity check]
2025-09-12 18:50:50,472 [INFO] PluginManage:310 - Check plugin tools
2025-09-12 18:50:50,472 [INFO] IntegrityCheckThread:86 - entering critical section [integrity check]
2025-09-12 18:50:50,473 [INFO] ThirdPartyUpdaterWithRetryManager:70 - Updater plugin not ready yet. [1/15]
2025-09-12 18:50:50,474 [INFO] PluginManage:359 - Loaded plugin tools (category:base,tabindex:7)
2025-09-12 18:50:50,474 [INFO] PluginManage:310 - Check plugin tutovideos
2025-09-12 18:50:50,592 [INFO] PluginManage:359 - Loaded plugin tutovideos (category:base,tabindex:-1)
2025-09-12 18:50:50,592 [INFO] PluginManage:310 - Check plugin updater
2025-09-12 18:50:50,609 [INFO] PluginManage:359 - Loaded plugin updater (category:base,tabindex:12)
2025-09-12 18:50:50,609 [INFO] PluginManage:310 - Check plugin userauth
2025-09-12 18:50:50,612 [INFO] UserAuth:118 - Init User Auth plugin
2025-09-12 18:50:50,612 [INFO] PluginManage:359 - Loaded plugin userauth (category:base,tabindex:14)
2025-09-12 18:50:50,613 [INFO] PluginManage:283 - PluginManage : Loaded plugins [18]
2025-09-12 18:50:50,746 [INFO] PinOutPanel:1589 - setPackage(No Configuration,No Configuration)
2025-09-12 18:50:50,794 [INFO] CADModel:165 - CPN selected for project level
2025-09-12 18:50:50,795 [INFO] CADModel:114 - Register for checkConnection events
2025-09-12 18:50:50,803 [INFO] IPUIPlugin:80 - create IPUIPlugin
2025-09-12 18:50:50,803 [INFO] PluginManager:220 - loadIPPluginJar : add i3c
2025-09-12 18:50:50,805 [INFO] IPUIPlugin:80 - create IPUIPlugin
2025-09-12 18:50:50,805 [INFO] PluginManager:220 - loadIPPluginJar : add usbx
2025-09-12 18:50:50,810 [INFO] IPUIPlugin:80 - create IPUIPlugin
2025-09-12 18:50:50,812 [INFO] PluginManager:220 - loadIPPluginJar : add plateformsettings
2025-09-12 18:50:50,815 [INFO] IPUIPlugin:80 - create IPUIPlugin
2025-09-12 18:50:50,815 [INFO] PluginManager:220 - loadIPPluginJar : add dma
2025-09-12 18:50:50,817 [INFO] IPUIPlugin:80 - create IPUIPlugin
2025-09-12 18:50:50,817 [INFO] PluginManager:220 - loadIPPluginJar : add aes
2025-09-12 18:50:50,819 [INFO] IPUIPlugin:80 - create IPUIPlugin
2025-09-12 18:50:50,819 [INFO] PluginManager:220 - loadIPPluginJar : add touchsensing
2025-09-12 18:50:50,823 [INFO] IPUIPlugin:80 - create IPUIPlugin
2025-09-12 18:50:50,823 [INFO] PluginManager:220 - loadIPPluginJar : add resmgrutility
2025-09-12 18:50:50,824 [INFO] IPUIPlugin:80 - create IPUIPlugin
2025-09-12 18:50:50,824 [INFO] PluginManager:220 - loadIPPluginJar : add opamp
2025-09-12 18:50:50,826 [INFO] IPUIPlugin:80 - create IPUIPlugin
2025-09-12 18:50:50,826 [INFO] PluginManager:220 - loadIPPluginJar : add pdm2pcm
2025-09-12 18:50:50,827 [INFO] IPUIPlugin:80 - create IPUIPlugin
2025-09-12 18:50:50,827 [INFO] PluginManager:220 - loadIPPluginJar : add ucpd
2025-09-12 18:50:50,829 [INFO] IPUIPlugin:80 - create IPUIPlugin
2025-09-12 18:50:50,829 [INFO] PluginManager:220 - loadIPPluginJar : add dma3
2025-09-12 18:50:50,830 [INFO] IPUIPlugin:80 - create IPUIPlugin
2025-09-12 18:50:50,830 [INFO] PluginManager:220 - loadIPPluginJar : add usart
2025-09-12 18:50:50,831 [INFO] IPUIPlugin:80 - create IPUIPlugin
2025-09-12 18:50:50,832 [INFO] PluginManager:220 - loadIPPluginJar : add radio
2025-09-12 18:50:50,835 [INFO] IPUIPlugin:80 - create IPUIPlugin
2025-09-12 18:50:50,835 [INFO] PluginManager:220 - loadIPPluginJar : add stm32_wpan
2025-09-12 18:50:50,837 [INFO] IPUIPlugin:80 - create IPUIPlugin
2025-09-12 18:50:50,837 [INFO] PluginManager:220 - loadIPPluginJar : add extmemmanager
2025-09-12 18:50:50,839 [INFO] IPUIPlugin:80 - create IPUIPlugin
2025-09-12 18:50:50,839 [INFO] PluginManager:220 - loadIPPluginJar : add lorawan
2025-09-12 18:50:50,843 [INFO] IPUIPlugin:80 - create IPUIPlugin
2025-09-12 18:50:50,843 [INFO] PluginManager:220 - loadIPPluginJar : add adc
2025-09-12 18:50:50,844 [INFO] IPUIPlugin:80 - create IPUIPlugin
2025-09-12 18:50:50,844 [INFO] PluginManager:220 - loadIPPluginJar : add genericplugin
2025-09-12 18:50:50,845 [INFO] IPUIPlugin:80 - create IPUIPlugin
2025-09-12 18:50:50,845 [INFO] PluginManager:220 - loadIPPluginJar : add spi
2025-09-12 18:50:50,847 [INFO] IPUIPlugin:80 - create IPUIPlugin
2025-09-12 18:50:50,847 [INFO] PluginManager:220 - loadIPPluginJar : add gtzc
2025-09-12 18:50:50,848 [INFO] IPUIPlugin:80 - create IPUIPlugin
2025-09-12 18:50:50,848 [INFO] PluginManager:220 - loadIPPluginJar : add comp
2025-09-12 18:50:50,853 [INFO] IPUIPlugin:80 - create IPUIPlugin
2025-09-12 18:50:50,853 [INFO] PluginManager:220 - loadIPPluginJar : add linkedlist
2025-09-12 18:50:50,856 [INFO] IPUIPlugin:80 - create IPUIPlugin
2025-09-12 18:50:50,856 [INFO] PluginManager:220 - loadIPPluginJar : add ddr_ctrl_phy
2025-09-12 18:50:50,858 [INFO] IPUIPlugin:80 - create IPUIPlugin
2025-09-12 18:50:50,858 [INFO] PluginManager:220 - loadIPPluginJar : add sai
2025-09-12 18:50:50,859 [INFO] IPUIPlugin:80 - create IPUIPlugin
2025-09-12 18:50:50,860 [INFO] PluginManager:220 - loadIPPluginJar : add hash
2025-09-12 18:50:50,861 [INFO] IPUIPlugin:80 - create IPUIPlugin
2025-09-12 18:50:50,861 [INFO] PluginManager:220 - loadIPPluginJar : add dfsdm
2025-09-12 18:50:50,863 [INFO] IPUIPlugin:80 - create IPUIPlugin
2025-09-12 18:50:50,863 [INFO] PluginManager:220 - loadIPPluginJar : add cryp
2025-09-12 18:50:50,866 [INFO] IPUIPlugin:80 - create IPUIPlugin
2025-09-12 18:50:50,866 [INFO] PluginManager:220 - loadIPPluginJar : add fmc
2025-09-12 18:50:50,867 [INFO] IPUIPlugin:80 - create IPUIPlugin
2025-09-12 18:50:50,867 [INFO] PluginManager:220 - loadIPPluginJar : add quadspi
2025-09-12 18:50:50,868 [INFO] IPUIPlugin:80 - create IPUIPlugin
2025-09-12 18:50:50,868 [INFO] PluginManager:220 - loadIPPluginJar : add ltdc
2025-09-12 18:50:50,870 [INFO] IPUIPlugin:80 - create IPUIPlugin
2025-09-12 18:50:50,870 [INFO] PluginManager:220 - loadIPPluginJar : add gfxmmu
2025-09-12 18:50:50,871 [INFO] IPUIPlugin:80 - create IPUIPlugin
2025-09-12 18:50:50,871 [INFO] PluginManager:220 - loadIPPluginJar : add ts
2025-09-12 18:50:50,874 [INFO] IPUIPlugin:80 - create IPUIPlugin
2025-09-12 18:50:50,874 [INFO] PluginManager:220 - loadIPPluginJar : add nvic
2025-09-12 18:50:50,876 [INFO] IPUIPlugin:80 - create IPUIPlugin
2025-09-12 18:50:50,876 [INFO] PluginManager:220 - loadIPPluginJar : add tracer_emb
2025-09-12 18:50:50,878 [INFO] IPUIPlugin:80 - create IPUIPlugin
2025-09-12 18:50:50,878 [INFO] PluginManager:220 - loadIPPluginJar : add i2c
2025-09-12 18:50:50,880 [INFO] IPUIPlugin:80 - create IPUIPlugin
2025-09-12 18:50:50,880 [INFO] PluginManager:220 - loadIPPluginJar : add ipddr
2025-09-12 18:50:50,881 [INFO] IPUIPlugin:80 - create IPUIPlugin
2025-09-12 18:50:50,881 [INFO] PluginManager:220 - loadIPPluginJar : add i2s
2025-09-12 18:50:50,883 [INFO] IPUIPlugin:80 - create IPUIPlugin
2025-09-12 18:50:50,883 [INFO] PluginManager:220 - loadIPPluginJar : add tim
2025-09-12 18:50:50,887 [INFO] IPUIPlugin:80 - create IPUIPlugin
2025-09-12 18:50:50,887 [INFO] PluginManager:220 - loadIPPluginJar : add mdma
2025-09-12 18:50:50,888 [INFO] IPUIPlugin:80 - create IPUIPlugin
2025-09-12 18:50:50,888 [INFO] PluginManager:220 - loadIPPluginJar : add tsc
2025-09-12 18:50:50,889 [INFO] IPUIPlugin:80 - create IPUIPlugin
2025-09-12 18:50:50,889 [INFO] PluginManager:220 - loadIPPluginJar : add fatfs
2025-09-12 18:50:50,892 [INFO] IPUIPlugin:80 - create IPUIPlugin
2025-09-12 18:50:50,892 [INFO] PluginManager:220 - loadIPPluginJar : add gpio
2025-09-12 18:50:50,895 [INFO] IPUIPlugin:80 - create IPUIPlugin
2025-09-12 18:50:50,895 [INFO] PluginManager:220 - loadIPPluginJar : add gic
2025-09-12 18:50:50,896 [INFO] IPUIPlugin:80 - create IPUIPlugin
2025-09-12 18:50:50,897 [INFO] PluginManager:220 - loadIPPluginJar : add can
2025-09-12 18:50:50,898 [INFO] IPUIPlugin:80 - create IPUIPlugin
2025-09-12 18:50:50,898 [INFO] PluginManager:220 - loadIPPluginJar : add openamp
2025-09-12 18:50:50,902 [INFO] IPUIPlugin:80 - create IPUIPlugin
2025-09-12 18:50:50,902 [INFO] PluginManager:220 - loadIPPluginJar : add freertos
2025-09-12 18:50:50,993 [FATAL] Updater:351 - Updater called before beeing initialized
2025-09-12 18:50:51,013 [INFO] RulesReader:64 - Compatibility file has been processed (301 Rules)
2025-09-12 18:50:51,020 [INFO] RulesReader:64 - Compatibility file has been processed (301 Rules)
2025-09-12 18:50:51,025 [INFO] CADModel:165 - CPN selected for project level
2025-09-12 18:50:51,025 [INFO] CADModel:114 - Register for checkConnection events
2025-09-12 18:50:51,025 [FATAL] Updater:351 - Updater called before beeing initialized
2025-09-12 18:50:51,025 [ERROR] CADModel:125 - Updater not yet initialized, retry later 
2025-09-12 18:50:51,117 [FATAL] Updater:351 - Updater called before beeing initialized
2025-09-12 18:50:51,119 [INFO] CADModel:165 - CPN selected for project level
2025-09-12 18:50:51,119 [INFO] CADModel:114 - Register for checkConnection events
2025-09-12 18:50:51,119 [FATAL] Updater:351 - Updater called before beeing initialized
2025-09-12 18:50:51,119 [ERROR] CADModel:125 - Updater not yet initialized, retry later 
2025-09-12 18:50:51,121 [FATAL] Updater:351 - Updater called before beeing initialized
2025-09-12 18:50:51,174 [FATAL] Updater:351 - Updater called before beeing initialized
2025-09-12 18:50:51,178 [INFO] DbMcusAds:53 - JSON generation date=Tue Jul 08 10:14:23 CEST 2025 (1751962463582)
2025-09-12 18:50:51,178 [FATAL] Updater:351 - Updater called before beeing initialized
2025-09-12 18:50:51,203 [WARN] DetailPanel:346 - Failed to get advertising image, set to default
2025-09-12 18:50:51,383 [FATAL] Updater:351 - Updater called before beeing initialized
2025-09-12 18:50:51,385 [FATAL] Updater:351 - Updater called before beeing initialized
2025-09-12 18:50:51,385 [FATAL] Updater:351 - Updater called before beeing initialized
2025-09-12 18:50:51,385 [WARN] DetailPanel:346 - Failed to get advertising image, set to default
2025-09-12 18:50:51,385 [FATAL] Updater:351 - Updater called before beeing initialized
2025-09-12 18:50:51,409 [ERROR] Updater:1198 - MainUpdater not yet initialized. External WinMGr cannot be set.
2025-09-12 18:50:51,410 [INFO] Updater:1134 - Updater Version found : 6.14.0
2025-09-12 18:50:51,423 [INFO] ApplicationProperties:184 - Using Application install path: /opt/st/stm32cubeide_1.18.0/plugins/com.st.stm32cube.common.mx_6.14.0.202502271554
2025-09-12 18:50:51,692 [INFO] MainUpdater:2872 - connection check result : 10
2025-09-12 18:50:51,693 [INFO] MainUpdater:289 - Updater Check For Update Now.
2025-09-12 18:50:51,693 [INFO] MicroXplorer:498 - Change Database Version : DB.6.0.140
2025-09-12 18:50:51,698 [INFO] McuFinderGlobals:63 - Set McuFinder mode to 2 (CubeIDE integrated)
2025-09-12 18:50:51,698 [INFO] UserAuth:171 - activating auth plugin
2025-09-12 18:50:51,700 [INFO] UserAuth:486 - Internet connection configuration mode: 1
2025-09-12 18:50:51,716 [INFO] JxBrowserEngine:152 - Initiate JxBrowser Engine with user profile folder
2025-09-12 18:50:51,851 [INFO] CheckServerUpdateThread:120 - End of CheckServer Thread
2025-09-12 18:50:52,433 [INFO] WebApp:169 - Instantiating new browser for Auth
2025-09-12 18:50:53,034 [INFO] WebApp:463 - Apply proxy settings
2025-09-12 18:50:53,034 [INFO] WebApp:548 - Chromium requires no authentication
2025-09-12 18:50:53,040 [INFO] WebApp:491 - Direct internet connection detected
2025-09-12 18:50:53,053 [INFO] WebApp:894 - Register for checkConnection events
2025-09-12 18:50:53,053 [INFO] WebApp:463 - Apply proxy settings
2025-09-12 18:50:53,053 [INFO] WebApp:548 - Chromium requires no authentication
2025-09-12 18:50:53,054 [INFO] WebApp:491 - Direct internet connection detected
2025-09-12 18:50:53,160 [INFO] WebApp:225 - Starting web application
2025-09-12 18:50:53,160 [INFO] WebApp:593 - Web application path used /opt/st/stm32cubeide_1.18.0/plugins/com.st.stm32cube.common.mx_6.14.0.202502271554/db/plugins/mcufinder/reactClient1/index.html
2025-09-12 18:50:53,409 [INFO] WebApp:191 - Connection restablished
2025-09-12 18:50:53,595 [WARN] PackLoader:240 - Cannot read IP mode file for STMicroelectronics.FP-SNS-MOTENVWB1.1.4.0
2025-09-12 18:50:53,602 [WARN] PackLoader:240 - Cannot read IP mode file for STMicroelectronics.FP-ATR-ASTRA1.2.0.2
2025-09-12 18:50:53,608 [WARN] PackLoader:240 - Cannot read IP mode file for STMicroelectronics.X-CUBE-SMBUS.2.1.0
2025-09-12 18:50:53,615 [WARN] PackLoader:240 - Cannot read IP mode file for STMicroelectronics.X-CUBE-WB05N.1.1.0
2025-09-12 18:50:53,619 [WARN] PackLoader:240 - Cannot read IP mode file for STMicroelectronics.X-CUBE-ST60.1.0.0
2025-09-12 18:50:53,638 [WARN] PackLoader:240 - Cannot read IP mode file for STMicroelectronics.X-CUBE-AZRTOS-F7.1.1.0
2025-09-12 18:50:53,660 [WARN] PackLoader:240 - Cannot read IP mode file for Infineon.AIROC-Wi-Fi-Bluetooth-STM32.1.7.0
2025-09-12 18:50:53,685 [WARN] PackLoader:240 - Cannot read IP mode file for STMicroelectronics.X-CUBE-AZRTOS-H7.3.4.0
2025-09-12 18:50:53,694 [WARN] PackLoader:240 - Cannot read IP mode file for STMicroelectronics.X-CUBE-DISPLAY.3.0.0
2025-09-12 18:50:53,706 [WARN] PackLoader:240 - Cannot read IP mode file for STMicroelectronics.X-CUBE-NFC10.1.0.0
2025-09-12 18:50:53,713 [WARN] PackLoader:240 - Cannot read IP mode file for STMicroelectronics.X-CUBE-BLEMGR.4.0.0
2025-09-12 18:50:53,718 [WARN] PackLoader:240 - Cannot read IP mode file for emotas.I-CUBE-CANOPEN.1.3.0
2025-09-12 18:50:53,721 [WARN] ConditionMgr:438 - getConditionDescription Invalid condition id : Cortex-A Device cause : null
2025-09-12 18:50:53,730 [WARN] ConditionMgr:1044 - genDependencies : Invalid condition id : Cortex-A Device cause : null
2025-09-12 18:50:53,730 [WARN] ConditionMgr:1044 - genDependencies : Invalid condition id : Cortex-A Device cause : null
2025-09-12 18:50:53,730 [WARN] ConditionMgr:1044 - genDependencies : Invalid condition id : Cortex-A Device cause : null
2025-09-12 18:50:53,732 [WARN] PackLoader:240 - Cannot read IP mode file for STMicroelectronics.X-CUBE-AI.10.0.0
2025-09-12 18:50:53,735 [ERROR] Engine:466 - /home/lenovo/.stm32cubemx/thirdparties/pdsc/STMicroelectronics.FP-SNS-STBOX1.2.1.0.pdsc: PDSC version is not supported
2025-09-12 18:50:53,737 [WARN] PackLoader:240 - Cannot read IP mode file for STMicroelectronics.FP-SNS-SMARTAG2.1.2.0
2025-09-12 18:50:53,739 [WARN] PackLoader:240 - Cannot read IP mode file for STMicroelectronics.FP-SNS-FLIGHT1.5.1.0
2025-09-12 18:50:53,768 [WARN] PackLoader:240 - Cannot read IP mode file for STMicroelectronics.X-CUBE-MEMS1.11.1.0
2025-09-12 18:50:53,933 [INFO] LogOutputStream:77 - [STDOUT_REDIRECT] 1 : Invalid condition id : UX_CORESTACK_Condition cause : null
2025-09-12 18:50:53,934 [INFO] LogOutputStream:77 - [STDOUT_REDIRECT] 1 : Invalid condition id : UX_CORESTACK_Condition cause : null
2025-09-12 18:50:53,934 [INFO] LogOutputStream:77 - [STDOUT_REDIRECT] 1 : Invalid condition id : UX_CORESTACK_Condition cause : null
2025-09-12 18:50:53,934 [INFO] LogOutputStream:77 - [STDOUT_REDIRECT] 1 : Invalid condition id : UX_CORESTACK_Condition cause : null
2025-09-12 18:50:53,934 [INFO] LogOutputStream:77 - [STDOUT_REDIRECT] 1 : Invalid condition id : UX_CORESTACK_Condition cause : null
2025-09-12 18:50:53,936 [WARN] PackLoader:240 - Cannot read IP mode file for STMicroelectronics.X-CUBE-AZRTOS-WL.2.0.0
2025-09-12 18:50:53,939 [WARN] PackLoader:240 - Cannot read IP mode file for STMicroelectronics.FP-SNS-MOTENV1.5.0.0
2025-09-12 18:50:53,943 [WARN] PackLoader:240 - Cannot read IP mode file for WES.I-CUBE-Cesium.1.3.0
2025-09-12 18:50:53,946 [WARN] PackLoader:240 - Cannot read IP mode file for STMicroelectronics.X-CUBE-BLE2.3.3.0
2025-09-12 18:50:53,949 [WARN] PackLoader:240 - Cannot read IP mode file for STMicroelectronics.X-CUBE-NFC9.1.0.0
2025-09-12 18:50:53,953 [WARN] PackLoader:240 - Cannot read IP mode file for STMicroelectronics.X-CUBE-BLE1.7.1.0
2025-09-12 18:50:53,955 [WARN] PackLoader:240 - Cannot read IP mode file for wolfSSL.I-CUBE-wolfMQTT.1.19.2
2025-09-12 18:50:53,959 [WARN] PackLoader:240 - Cannot read IP mode file for STMicroelectronics.X-CUBE-EEPRMA1.5.2.0
2025-09-12 18:50:53,963 [WARN] PackLoader:240 - Cannot read IP mode file for STMicroelectronics.X-CUBE-AI.10.1.0
2025-09-12 18:50:53,987 [WARN] PackLoader:240 - Cannot read IP mode file for STMicroelectronics.X-CUBE-MEMS1.11.2.0
2025-09-12 18:50:54,099 [WARN] PackLoader:240 - Cannot read IP mode file for STMicroelectronics.X-CUBE-AZRTOS-G0.1.1.0
2025-09-12 18:50:54,104 [WARN] PackLoader:240 - Cannot read IP mode file for STMicroelectronics.X-CUBE-SAFEA1.1.2.2
2025-09-12 18:50:54,108 [WARN] PackLoader:240 - Cannot read IP mode file for STMicroelectronics.X-CUBE-NFC4.3.0.0
2025-09-12 18:50:54,113 [WARN] PackLoader:240 - Cannot read IP mode file for EmbeddedOffice.I-CUBE-FS-RTOS.1.0.1
2025-09-12 18:50:54,117 [WARN] PackLoader:240 - Cannot read IP mode file for STMicroelectronics.X-CUBE-WB05N.2.0.0
2025-09-12 18:50:54,122 [WARN] PackLoader:240 - Cannot read IP mode file for wolfSSL.I-CUBE-wolfTPM.3.8.0
2025-09-12 18:50:54,125 [WARN] PackLoader:240 - Cannot read IP mode file for STMicroelectronics.X-CUBE-TCPP.4.2.0
2025-09-12 18:50:54,130 [WARN] PackLoader:240 - Cannot read IP mode file for RealThread.X-CUBE-RT-Thread_Nano.4.1.1
2025-09-12 18:50:54,133 [WARN] PackLoader:240 - Cannot read IP mode file for STMicroelectronics.FP-ATR-SIGFOX1.3.2.0
2025-09-12 18:50:54,137 [WARN] PackLoader:240 - Cannot read IP mode file for STMicroelectronics.X-CUBE-EEPRMA1.5.1.0
2025-09-12 18:50:54,141 [WARN] PackLoader:240 - Cannot read IP mode file for wolfSSL.I-CUBE-wolfSSL.5.7.6
2025-09-12 18:50:54,145 [WARN] PackLoader:240 - Cannot read IP mode file for ITTIA_DB.I-CUBE-ITTIADB.8.9.0
2025-09-12 18:50:54,150 [WARN] PackLoader:240 - Cannot read IP mode file for STMicroelectronics.X-CUBE-ST67W61.1.0.0
2025-09-12 18:50:54,152 [WARN] PackLoader:240 - Cannot read IP mode file for STMicroelectronics.X-CUBE-AI.10.2.0
2025-09-12 18:50:54,165 [WARN] PackLoader:240 - Cannot read IP mode file for SEGGER.I-CUBE-embOS.1.3.1
2025-09-12 18:50:54,207 [WARN] PackLoader:240 - Cannot read IP mode file for STMicroelectronics.X-CUBE-ALGOBUILD.1.4.0
2025-09-12 18:50:54,227 [WARN] PackLoader:240 - Cannot read IP mode file for STMicroelectronics.X-CUBE-MEMS1.11.3.0
2025-09-12 18:50:54,343 [WARN] PackLoader:240 - Cannot read IP mode file for STMicroelectronics.X-CUBE-PM33A1.1.0.0
2025-09-12 18:50:54,358 [WARN] PackLoader:240 - Cannot read IP mode file for STMicroelectronics.X-CUBE-AZRTOS-F4.1.1.0
2025-09-12 18:50:54,363 [WARN] PackLoader:240 - Cannot read IP mode file for Avnet-IotConnect.X-CUBE-IoTC-DA16k-PMOD.1.0.0
2025-09-12 18:50:54,366 [WARN] PackLoader:240 - Cannot read IP mode file for STMicroelectronics.X-CUBE-ISPU.2.1.0
2025-09-12 18:50:54,371 [WARN] PackLoader:240 - Cannot read IP mode file for STMicroelectronics.X-CUBE-NFC12.1.0.0
2025-09-12 18:50:54,385 [WARN] PackLoader:240 - Cannot read IP mode file for STMicroelectronics.X-CUBE-AZRTOS-L5.2.0.0
2025-09-12 18:50:54,404 [WARN] PackLoader:240 - Cannot read IP mode file for STMicroelectronics.X-CUBE-NFC6.3.1.0
2025-09-12 18:50:54,410 [WARN] PackLoader:240 - Cannot read IP mode file for STMicroelectronics.X-CUBE-FREERTOS.1.3.1
2025-09-12 18:50:54,414 [WARN] PackLoader:240 - Cannot read IP mode file for STMicroelectronics.X-CUBE-FREERTOS.1.3.0
2025-09-12 18:50:54,417 [WARN] PackLoader:240 - Cannot read IP mode file for STMicroelectronics.X-CUBE-NFC7.1.0.1
2025-09-12 18:50:54,421 [WARN] PackLoader:240 - Cannot read IP mode file for STMicroelectronics.FP-SNS-STAIOTCFT.1.0.0
2025-09-12 18:50:54,424 [WARN] PackLoader:240 - Cannot read IP mode file for STMicroelectronics.X-CUBE-DPower.1.3.0
2025-09-12 18:50:54,432 [WARN] ConditionMgr:438 - getConditionDescription Invalid condition id : LAN8742 Phy interface Condition cause : null
2025-09-12 18:50:54,432 [WARN] PackLoader:240 - Cannot read IP mode file for STMicroelectronics.X-CUBE-AZRTOS-L4.2.0.0
2025-09-12 18:50:54,433 [WARN] ConditionMgr:1044 - genDependencies : Invalid condition id : LAN8742 Phy interface Condition cause : null
2025-09-12 18:50:54,433 [WARN] ConditionMgr:1044 - genDependencies : Invalid condition id : LAN8742 Phy interface Condition cause : null
2025-09-12 18:50:54,433 [WARN] ConditionMgr:1044 - genDependencies : Invalid condition id : LAN8742 Phy interface Condition cause : null
2025-09-12 18:50:54,437 [WARN] PackLoader:240 - Cannot read IP mode file for STMicroelectronics.X-CUBE-SFXS2LP1.4.0.0
2025-09-12 18:50:54,447 [WARN] PackLoader:240 - Cannot read IP mode file for STMicroelectronics.X-CUBE-AZRTOS-H7.3.3.0
2025-09-12 18:50:54,454 [WARN] PackLoader:240 - Cannot read IP mode file for STMicroelectronics.X-CUBE-BLEMGR.4.1.0
2025-09-12 18:50:54,462 [WARN] ConditionMgr:438 - getConditionDescription Invalid condition id : UX DEVICE CLASS RTOS Condition cause : null
2025-09-12 18:50:54,462 [WARN] ConditionMgr:438 - getConditionDescription Invalid condition id : UX DEVICE CLASS RTOS Condition cause : null
2025-09-12 18:50:54,463 [WARN] PackLoader:240 - Cannot read IP mode file for STMicroelectronics.X-CUBE-AZRTOS-WB.2.0.0
2025-09-12 18:50:54,463 [WARN] ConditionMgr:1044 - genDependencies : Invalid condition id : UX DEVICE CLASS RTOS Condition cause : null
2025-09-12 18:50:54,463 [WARN] ConditionMgr:1044 - genDependencies : Invalid condition id : UX DEVICE CLASS RTOS Condition cause : null
2025-09-12 18:50:54,464 [WARN] ConditionMgr:1044 - genDependencies : Invalid condition id : UX DEVICE CLASS RTOS Condition cause : null
2025-09-12 18:50:54,464 [WARN] ConditionMgr:1044 - genDependencies : Invalid condition id : UX DEVICE CLASS RTOS Condition cause : null
2025-09-12 18:50:54,464 [WARN] ConditionMgr:1044 - genDependencies : Invalid condition id : UX DEVICE CLASS RTOS Condition cause : null
2025-09-12 18:50:54,469 [WARN] PackLoader:240 - Cannot read IP mode file for STMicroelectronics.X-CUBE-GNSS1.7.0.1
2025-09-12 18:50:54,472 [WARN] PackLoader:240 - Cannot read IP mode file for STMicroelectronics.X-CUBE-TOUCHGFX.4.25.0
2025-09-12 18:50:54,474 [WARN] PackLoader:240 - Cannot read IP mode file for STMicroelectronics.FP-SNS-STBOX1.2.0.0
2025-09-12 18:50:54,481 [WARN] PackLoader:240 - Cannot read IP mode file for STMicroelectronics.X-CUBE-SUBG2.5.0.0
2025-09-12 18:50:54,495 [WARN] PackLoader:240 - Cannot read IP mode file for STMicroelectronics.X-CUBE-AZRTOS-H7RS.1.1.0
2025-09-12 18:50:54,499 [WARN] PackLoader:240 - Cannot read IP mode file for Cesanta.I-CUBE-Mongoose.7.13.0
2025-09-12 18:50:54,507 [WARN] PackLoader:240 - Cannot read IP mode file for STMicroelectronics.X-CUBE-AZRTOS-G4.2.0.0
2025-09-12 18:50:54,510 [WARN] PackLoader:240 - Cannot read IP mode file for wolfSSL.I-CUBE-wolfSSH.1.4.20
2025-09-12 18:50:54,512 [WARN] PackLoader:240 - Cannot read IP mode file for STMicroelectronics.X-CUBE-NFC7.2.0.0
2025-09-12 18:50:54,518 [WARN] PackLoader:240 - Cannot read IP mode file for STMicroelectronics.X-CUBE-IPS.3.1.0
2025-09-12 18:50:54,527 [WARN] PackLoader:240 - Cannot read IP mode file for STMicroelectronics.X-CUBE-ALS.1.0.2
2025-09-12 18:50:54,530 [WARN] PackLoader:240 - Cannot read IP mode file for STMicroelectronics.X-CUBE-STSE01.1.0.0
2025-09-12 18:50:54,538 [WARN] PackLoader:240 - Cannot read IP mode file for portGmbH.I-Cube-SoM-uGOAL.1.1.0
2025-09-12 18:50:54,542 [WARN] PackLoader:240 - Cannot read IP mode file for STMicroelectronics.X-CUBE-TOF1.3.4.2
2025-09-12 18:50:54,557 [WARN] PackLoader:240 - Cannot read IP mode file for STMicroelectronics.X-CUBE-TOF1.3.4.3
2025-09-12 18:50:54,569 [INFO] ThirdParty:978 - Integrity check success = true
2025-09-12 18:50:54,569 [INFO] IntegrityCheckThread:100 - exiting critical section [integrity check]
2025-09-12 18:50:54,569 [INFO] IntegrityCheckThread:103 - End integrity checks thread
2025-09-12 19:19:40,069 [INFO] WebApp:194 - Connection lost
2025-09-12 19:19:50,126 [INFO] WebApp:191 - Connection restablished
2025-09-12 19:19:51,505 [INFO] WebApp:194 - Connection lost
2025-09-12 19:19:52,072 [INFO] WebApp:191 - Connection restablished
2025-09-12 19:24:47,064 [INFO] WebApp:194 - Connection lost
2025-09-12 19:24:51,960 [INFO] WebApp:191 - Connection restablished
2025-09-12 19:36:59,380 [INFO] Activator:176 - 


2025-09-12 19:36:59,382 [INFO] Activator:177 - !SESSION log4j initialized
2025-09-12 19:37:02,583 [INFO] LogOutputStream:77 - [STDOUT_REDIRECT] 
2025-09-12 19:37:03,089 [INFO] ApplicationProperties:184 - Using Application install path: /opt/st/stm32cubeide_1.18.0/plugins/com.st.stm32cube.common.mx_6.14.0.202502271554
2025-09-12 19:37:03,103 [INFO] DbMcusXml:78 - Set database path to: /opt/st/stm32cubeide_1.18.0/plugins/com.st.stm32cube.common.mx_6.14.0.202502271554//db//mcu/
2025-09-12 19:37:03,103 [INFO] ApiDb:274 - Set plugin database path to: /opt/st/stm32cubeide_1.18.0/plugins/com.st.stm32cube.common.mx_6.14.0.202502271554//db//plugins/boardmanager/
2025-09-12 19:37:03,104 [WARN] ApiDb:259 - Overriding images path with different value:  => /opt/st/stm32cubeide_1.18.0/plugins/com.st.stm32cube.common.mx_6.14.0.202502271554//db//plugins/mcufinder/images/
2025-09-12 19:37:03,110 [INFO] ApiDb:250 - Set database path to: /home/lenovo/.stmcufinder/plugins/mcufinder//mcu/
2025-09-12 19:37:03,111 [INFO] DbMcusAds:125 - Set database path to: /home/lenovo/.stmcufinder/plugins/mcufinder//mcu/
2025-09-12 19:37:03,113 [INFO] CrossReferenceDbSqlite:203 - Set database path to: /home/lenovo/.stmcufinder/plugins/mcufinder//mcu/cs/
2025-09-12 19:37:03,196 [INFO] RulesReader:64 - Compatibility file has been processed (301 Rules)
2025-09-12 19:37:03,245 [INFO] DbMcusXml:78 - Set database path to: /opt/st/stm32cubeide_1.18.0/plugins/com.st.stm32cube.common.mx_6.14.0.202502271554//db//mcu/
2025-09-12 19:37:03,245 [INFO] ApiDb:274 - Set plugin database path to: /opt/st/stm32cubeide_1.18.0/plugins/com.st.stm32cube.common.mx_6.14.0.202502271554//db//plugins/boardmanager/
2025-09-12 19:37:03,245 [INFO] ApiDb:261 - Set plugin images path to: /opt/st/stm32cubeide_1.18.0/plugins/com.st.stm32cube.common.mx_6.14.0.202502271554//db//plugins/mcufinder/images/
2025-09-12 19:37:03,245 [WARN] DbFile:41 - Overriding database path with different value: /home/lenovo/.stmcufinder/plugins/mcufinder/ => /home/lenovo/.stmcufinder/plugins/mcufinder
2025-09-12 19:37:03,245 [INFO] ApiDb:250 - Set database path to: /home/lenovo/.stmcufinder/plugins/mcufinder//mcu/
2025-09-12 19:37:03,245 [WARN] DbFile:41 - Overriding database path with different value: /home/lenovo/.stmcufinder/plugins/mcufinder/ => /home/lenovo/.stmcufinder/plugins/mcufinder
2025-09-12 19:37:03,245 [INFO] DbMcusAds:125 - Set database path to: /home/lenovo/.stmcufinder/plugins/mcufinder//mcu/
2025-09-12 19:37:03,245 [WARN] DbFile:41 - Overriding database path with different value: /home/lenovo/.stmcufinder/plugins/mcufinder/ => /home/lenovo/.stmcufinder/plugins/mcufinder
2025-09-12 19:37:03,245 [WARN] DbFile:41 - Overriding database path with different value: /home/lenovo/.stmcufinder/plugins/mcufinder/ => /home/lenovo/.stmcufinder/plugins/mcufinder
2025-09-12 19:37:03,245 [INFO] CrossReferenceDbSqlite:203 - Set database path to: /home/lenovo/.stmcufinder/plugins/mcufinder//mcu/cs/
2025-09-12 19:37:03,297 [INFO] MainPanel:272 - HeapMemory: 268435456
2025-09-12 19:37:03,394 [INFO] DbMcusXml:78 - Set database path to: /opt/st/stm32cubeide_1.18.0/plugins/com.st.stm32cube.common.mx_6.14.0.202502271554//db//mcu/
2025-09-12 19:37:03,394 [INFO] ApiDb:274 - Set plugin database path to: /opt/st/stm32cubeide_1.18.0/plugins/com.st.stm32cube.common.mx_6.14.0.202502271554//db//plugins/boardmanager/
2025-09-12 19:37:03,394 [INFO] ApiDb:261 - Set plugin images path to: /opt/st/stm32cubeide_1.18.0/plugins/com.st.stm32cube.common.mx_6.14.0.202502271554//db//plugins/mcufinder/images/
2025-09-12 19:37:03,395 [WARN] DbFile:41 - Overriding database path with different value: /home/lenovo/.stmcufinder/plugins/mcufinder/ => /home/lenovo/.stmcufinder/plugins/mcufinder
2025-09-12 19:37:03,395 [INFO] ApiDb:250 - Set database path to: /home/lenovo/.stmcufinder/plugins/mcufinder//mcu/
2025-09-12 19:37:03,395 [WARN] DbFile:41 - Overriding database path with different value: /home/lenovo/.stmcufinder/plugins/mcufinder/ => /home/lenovo/.stmcufinder/plugins/mcufinder
2025-09-12 19:37:03,395 [INFO] DbMcusAds:125 - Set database path to: /home/lenovo/.stmcufinder/plugins/mcufinder//mcu/
2025-09-12 19:37:03,395 [WARN] DbFile:41 - Overriding database path with different value: /home/lenovo/.stmcufinder/plugins/mcufinder/ => /home/lenovo/.stmcufinder/plugins/mcufinder
2025-09-12 19:37:03,395 [WARN] DbFile:41 - Overriding database path with different value: /home/lenovo/.stmcufinder/plugins/mcufinder/ => /home/lenovo/.stmcufinder/plugins/mcufinder
2025-09-12 19:37:03,395 [INFO] CrossReferenceDbSqlite:203 - Set database path to: /home/lenovo/.stmcufinder/plugins/mcufinder//mcu/cs/
2025-09-12 19:37:03,407 [INFO] ApplicationProperties:184 - Using Application install path: /opt/st/stm32cubeide_1.18.0/plugins/com.st.stm32cube.common.mx_6.14.0.202502271554
2025-09-12 19:37:03,408 [INFO] PluginManage:196 - Search for loadable plugins [exclusion list=, ]
2025-09-12 19:37:03,409 [INFO] PluginManage:310 - Check plugin analytics
2025-09-12 19:37:03,520 [INFO] AnalyticsPlugin:253 - Accepted Software Licenses: 
2025-09-12 19:37:03,520 [INFO] AnalyticsPlugin:255 - Accepted CMSIS Pack Licenses: 
2025-09-12 19:37:03,520 [INFO] AnalyticsPlugin:257 - Accepted Firmware Licenses: 
2025-09-12 19:37:03,522 [INFO] PluginManage:359 - Loaded plugin analytics (category:tool,tabindex:-1)
2025-09-12 19:37:03,522 [INFO] PluginManage:310 - Check plugin cadmodel
2025-09-12 19:37:03,527 [INFO] CADModel:105 - Init CAD model plugin
2025-09-12 19:37:03,527 [INFO] PluginManage:359 - Loaded plugin cadmodel (category:power,tabindex:5)
2025-09-12 19:37:03,527 [INFO] PluginManage:310 - Check plugin clock
2025-09-12 19:37:03,534 [INFO] PluginManage:359 - Loaded plugin clock (category:base,tabindex:2)
2025-09-12 19:37:03,534 [INFO] PluginManage:310 - Check plugin ddr
2025-09-12 19:37:03,536 [INFO] PluginManage:359 - Loaded plugin ddr (category:tool,tabindex:6)
2025-09-12 19:37:03,536 [INFO] PluginManage:310 - Check plugin filemanager
2025-09-12 19:37:03,635 [INFO] PluginManage:359 - Loaded plugin filemanager (category:base,tabindex:10)
2025-09-12 19:37:03,635 [INFO] PluginManage:310 - Check plugin ipmanager
2025-09-12 19:37:03,639 [INFO] PluginManage:359 - Loaded plugin ipmanager (category:base,tabindex:5)
2025-09-12 19:37:03,639 [INFO] PluginManage:310 - Check plugin lpbam
2025-09-12 19:37:03,647 [INFO] PluginManage:359 - Loaded plugin lpbam (category:base,tabindex:0)
2025-09-12 19:37:03,647 [INFO] PluginManage:310 - Check plugin memorymap
2025-09-12 19:37:03,655 [INFO] PluginManage:359 - Loaded plugin memorymap (category:base,tabindex:4)
2025-09-12 19:37:03,656 [INFO] PluginManage:310 - Check plugin pinoutandconfiguration
2025-09-12 19:37:03,663 [INFO] PluginManage:359 - Loaded plugin pinoutandconfiguration (category:base,tabindex:1)
2025-09-12 19:37:03,663 [INFO] PluginManage:310 - Check plugin pinoutconfig
2025-09-12 19:37:03,724 [WARN] SupportedApi:132 - Cannot load RTOS API schema: s4s-elt-must-match.1: The content of 'definitions' must match (annotation?, (simpleType | complexType)?, (unique | key | keyref)*)). A problem was found starting at: attribute.
2025-09-12 19:37:03,819 [INFO] PluginManage:359 - Loaded plugin pinoutconfig (category:base,tabindex:0)
2025-09-12 19:37:03,819 [INFO] PluginManage:310 - Check plugin power
2025-09-12 19:37:03,828 [INFO] PluginManage:359 - Loaded plugin power (category:power,tabindex:4)
2025-09-12 19:37:03,828 [INFO] PluginManage:310 - Check plugin projectmanager
2025-09-12 19:37:03,838 [INFO] PluginManage:359 - Loaded plugin projectmanager (category:projectmanager,tabindex:4)
2025-09-12 19:37:03,839 [INFO] PluginManage:310 - Check plugin rif
2025-09-12 19:37:03,844 [INFO] PluginManage:359 - Loaded plugin rif (category:base,tabindex:3)
2025-09-12 19:37:03,845 [INFO] PluginManage:310 - Check plugin thirdparty
2025-09-12 19:37:03,921 [INFO] PluginManage:359 - Loaded plugin thirdparty (category:base,tabindex:-1)
2025-09-12 19:37:03,921 [WARN] IntegrityCheckThread:84 - waiting for thirdparty lock release [integrity check]
2025-09-12 19:37:03,921 [INFO] PluginManage:310 - Check plugin tools
2025-09-12 19:37:03,921 [INFO] IntegrityCheckThread:86 - entering critical section [integrity check]
2025-09-12 19:37:03,921 [INFO] ThirdPartyUpdaterWithRetryManager:70 - Updater plugin not ready yet. [1/15]
2025-09-12 19:37:03,923 [INFO] PluginManage:359 - Loaded plugin tools (category:base,tabindex:7)
2025-09-12 19:37:03,923 [INFO] PluginManage:310 - Check plugin tutovideos
2025-09-12 19:37:04,044 [INFO] PluginManage:359 - Loaded plugin tutovideos (category:base,tabindex:-1)
2025-09-12 19:37:04,044 [INFO] PluginManage:310 - Check plugin updater
2025-09-12 19:37:04,061 [INFO] PluginManage:359 - Loaded plugin updater (category:base,tabindex:12)
2025-09-12 19:37:04,061 [INFO] PluginManage:310 - Check plugin userauth
2025-09-12 19:37:04,064 [INFO] UserAuth:118 - Init User Auth plugin
2025-09-12 19:37:04,064 [INFO] PluginManage:359 - Loaded plugin userauth (category:base,tabindex:14)
2025-09-12 19:37:04,064 [INFO] PluginManage:283 - PluginManage : Loaded plugins [18]
2025-09-12 19:37:04,191 [INFO] PinOutPanel:1589 - setPackage(No Configuration,No Configuration)
2025-09-12 19:37:04,244 [INFO] CADModel:165 - CPN selected for project level
2025-09-12 19:37:04,244 [INFO] CADModel:114 - Register for checkConnection events
2025-09-12 19:37:04,252 [INFO] IPUIPlugin:80 - create IPUIPlugin
2025-09-12 19:37:04,253 [INFO] PluginManager:220 - loadIPPluginJar : add i3c
2025-09-12 19:37:04,255 [INFO] IPUIPlugin:80 - create IPUIPlugin
2025-09-12 19:37:04,255 [INFO] PluginManager:220 - loadIPPluginJar : add usbx
2025-09-12 19:37:04,260 [INFO] IPUIPlugin:80 - create IPUIPlugin
2025-09-12 19:37:04,261 [INFO] PluginManager:220 - loadIPPluginJar : add plateformsettings
2025-09-12 19:37:04,266 [INFO] IPUIPlugin:80 - create IPUIPlugin
2025-09-12 19:37:04,266 [INFO] PluginManager:220 - loadIPPluginJar : add dma
2025-09-12 19:37:04,268 [INFO] IPUIPlugin:80 - create IPUIPlugin
2025-09-12 19:37:04,268 [INFO] PluginManager:220 - loadIPPluginJar : add aes
2025-09-12 19:37:04,270 [INFO] IPUIPlugin:80 - create IPUIPlugin
2025-09-12 19:37:04,270 [INFO] PluginManager:220 - loadIPPluginJar : add touchsensing
2025-09-12 19:37:04,274 [INFO] IPUIPlugin:80 - create IPUIPlugin
2025-09-12 19:37:04,274 [INFO] PluginManager:220 - loadIPPluginJar : add resmgrutility
2025-09-12 19:37:04,276 [INFO] IPUIPlugin:80 - create IPUIPlugin
2025-09-12 19:37:04,276 [INFO] PluginManager:220 - loadIPPluginJar : add opamp
2025-09-12 19:37:04,277 [INFO] IPUIPlugin:80 - create IPUIPlugin
2025-09-12 19:37:04,277 [INFO] PluginManager:220 - loadIPPluginJar : add pdm2pcm
2025-09-12 19:37:04,279 [INFO] IPUIPlugin:80 - create IPUIPlugin
2025-09-12 19:37:04,279 [INFO] PluginManager:220 - loadIPPluginJar : add ucpd
2025-09-12 19:37:04,280 [INFO] IPUIPlugin:80 - create IPUIPlugin
2025-09-12 19:37:04,281 [INFO] PluginManager:220 - loadIPPluginJar : add dma3
2025-09-12 19:37:04,282 [INFO] IPUIPlugin:80 - create IPUIPlugin
2025-09-12 19:37:04,282 [INFO] PluginManager:220 - loadIPPluginJar : add usart
2025-09-12 19:37:04,283 [INFO] IPUIPlugin:80 - create IPUIPlugin
2025-09-12 19:37:04,283 [INFO] PluginManager:220 - loadIPPluginJar : add radio
2025-09-12 19:37:04,287 [INFO] IPUIPlugin:80 - create IPUIPlugin
2025-09-12 19:37:04,287 [INFO] PluginManager:220 - loadIPPluginJar : add stm32_wpan
2025-09-12 19:37:04,289 [INFO] IPUIPlugin:80 - create IPUIPlugin
2025-09-12 19:37:04,289 [INFO] PluginManager:220 - loadIPPluginJar : add extmemmanager
2025-09-12 19:37:04,290 [INFO] IPUIPlugin:80 - create IPUIPlugin
2025-09-12 19:37:04,290 [INFO] PluginManager:220 - loadIPPluginJar : add lorawan
2025-09-12 19:37:04,295 [INFO] IPUIPlugin:80 - create IPUIPlugin
2025-09-12 19:37:04,295 [INFO] PluginManager:220 - loadIPPluginJar : add adc
2025-09-12 19:37:04,296 [INFO] IPUIPlugin:80 - create IPUIPlugin
2025-09-12 19:37:04,296 [INFO] PluginManager:220 - loadIPPluginJar : add genericplugin
2025-09-12 19:37:04,297 [INFO] IPUIPlugin:80 - create IPUIPlugin
2025-09-12 19:37:04,297 [INFO] PluginManager:220 - loadIPPluginJar : add spi
2025-09-12 19:37:04,299 [INFO] IPUIPlugin:80 - create IPUIPlugin
2025-09-12 19:37:04,299 [INFO] PluginManager:220 - loadIPPluginJar : add gtzc
2025-09-12 19:37:04,300 [INFO] IPUIPlugin:80 - create IPUIPlugin
2025-09-12 19:37:04,300 [INFO] PluginManager:220 - loadIPPluginJar : add comp
2025-09-12 19:37:04,305 [INFO] IPUIPlugin:80 - create IPUIPlugin
2025-09-12 19:37:04,305 [INFO] PluginManager:220 - loadIPPluginJar : add linkedlist
2025-09-12 19:37:04,307 [INFO] IPUIPlugin:80 - create IPUIPlugin
2025-09-12 19:37:04,307 [INFO] PluginManager:220 - loadIPPluginJar : add ddr_ctrl_phy
2025-09-12 19:37:04,309 [INFO] IPUIPlugin:80 - create IPUIPlugin
2025-09-12 19:37:04,309 [INFO] PluginManager:220 - loadIPPluginJar : add sai
2025-09-12 19:37:04,310 [INFO] IPUIPlugin:80 - create IPUIPlugin
2025-09-12 19:37:04,310 [INFO] PluginManager:220 - loadIPPluginJar : add hash
2025-09-12 19:37:04,312 [INFO] IPUIPlugin:80 - create IPUIPlugin
2025-09-12 19:37:04,312 [INFO] PluginManager:220 - loadIPPluginJar : add dfsdm
2025-09-12 19:37:04,313 [INFO] IPUIPlugin:80 - create IPUIPlugin
2025-09-12 19:37:04,313 [INFO] PluginManager:220 - loadIPPluginJar : add cryp
2025-09-12 19:37:04,316 [INFO] IPUIPlugin:80 - create IPUIPlugin
2025-09-12 19:37:04,316 [INFO] PluginManager:220 - loadIPPluginJar : add fmc
2025-09-12 19:37:04,317 [INFO] IPUIPlugin:80 - create IPUIPlugin
2025-09-12 19:37:04,317 [INFO] PluginManager:220 - loadIPPluginJar : add quadspi
2025-09-12 19:37:04,318 [INFO] IPUIPlugin:80 - create IPUIPlugin
2025-09-12 19:37:04,318 [INFO] PluginManager:220 - loadIPPluginJar : add ltdc
2025-09-12 19:37:04,319 [INFO] IPUIPlugin:80 - create IPUIPlugin
2025-09-12 19:37:04,319 [INFO] PluginManager:220 - loadIPPluginJar : add gfxmmu
2025-09-12 19:37:04,321 [INFO] IPUIPlugin:80 - create IPUIPlugin
2025-09-12 19:37:04,321 [INFO] PluginManager:220 - loadIPPluginJar : add ts
2025-09-12 19:37:04,323 [INFO] IPUIPlugin:80 - create IPUIPlugin
2025-09-12 19:37:04,323 [INFO] PluginManager:220 - loadIPPluginJar : add nvic
2025-09-12 19:37:04,325 [INFO] IPUIPlugin:80 - create IPUIPlugin
2025-09-12 19:37:04,325 [INFO] PluginManager:220 - loadIPPluginJar : add tracer_emb
2025-09-12 19:37:04,326 [INFO] IPUIPlugin:80 - create IPUIPlugin
2025-09-12 19:37:04,326 [INFO] PluginManager:220 - loadIPPluginJar : add i2c
2025-09-12 19:37:04,329 [INFO] IPUIPlugin:80 - create IPUIPlugin
2025-09-12 19:37:04,329 [INFO] PluginManager:220 - loadIPPluginJar : add ipddr
2025-09-12 19:37:04,330 [INFO] IPUIPlugin:80 - create IPUIPlugin
2025-09-12 19:37:04,330 [INFO] PluginManager:220 - loadIPPluginJar : add i2s
2025-09-12 19:37:04,331 [INFO] IPUIPlugin:80 - create IPUIPlugin
2025-09-12 19:37:04,331 [INFO] PluginManager:220 - loadIPPluginJar : add tim
2025-09-12 19:37:04,336 [INFO] IPUIPlugin:80 - create IPUIPlugin
2025-09-12 19:37:04,336 [INFO] PluginManager:220 - loadIPPluginJar : add mdma
2025-09-12 19:37:04,337 [INFO] IPUIPlugin:80 - create IPUIPlugin
2025-09-12 19:37:04,337 [INFO] PluginManager:220 - loadIPPluginJar : add tsc
2025-09-12 19:37:04,338 [INFO] IPUIPlugin:80 - create IPUIPlugin
2025-09-12 19:37:04,338 [INFO] PluginManager:220 - loadIPPluginJar : add fatfs
2025-09-12 19:37:04,341 [INFO] IPUIPlugin:80 - create IPUIPlugin
2025-09-12 19:37:04,341 [INFO] PluginManager:220 - loadIPPluginJar : add gpio
2025-09-12 19:37:04,344 [INFO] IPUIPlugin:80 - create IPUIPlugin
2025-09-12 19:37:04,344 [INFO] PluginManager:220 - loadIPPluginJar : add gic
2025-09-12 19:37:04,345 [INFO] IPUIPlugin:80 - create IPUIPlugin
2025-09-12 19:37:04,346 [INFO] PluginManager:220 - loadIPPluginJar : add can
2025-09-12 19:37:04,347 [INFO] IPUIPlugin:80 - create IPUIPlugin
2025-09-12 19:37:04,347 [INFO] PluginManager:220 - loadIPPluginJar : add openamp
2025-09-12 19:37:04,351 [INFO] IPUIPlugin:80 - create IPUIPlugin
2025-09-12 19:37:04,351 [INFO] PluginManager:220 - loadIPPluginJar : add freertos
2025-09-12 19:37:04,442 [FATAL] Updater:351 - Updater called before beeing initialized
2025-09-12 19:37:04,463 [INFO] RulesReader:64 - Compatibility file has been processed (301 Rules)
2025-09-12 19:37:04,470 [INFO] RulesReader:64 - Compatibility file has been processed (301 Rules)
2025-09-12 19:37:04,475 [INFO] CADModel:165 - CPN selected for project level
2025-09-12 19:37:04,475 [INFO] CADModel:114 - Register for checkConnection events
2025-09-12 19:37:04,475 [FATAL] Updater:351 - Updater called before beeing initialized
2025-09-12 19:37:04,475 [ERROR] CADModel:125 - Updater not yet initialized, retry later 
2025-09-12 19:37:04,555 [FATAL] Updater:351 - Updater called before beeing initialized
2025-09-12 19:37:04,556 [INFO] CADModel:165 - CPN selected for project level
2025-09-12 19:37:04,556 [INFO] CADModel:114 - Register for checkConnection events
2025-09-12 19:37:04,556 [FATAL] Updater:351 - Updater called before beeing initialized
2025-09-12 19:37:04,556 [ERROR] CADModel:125 - Updater not yet initialized, retry later 
2025-09-12 19:37:04,558 [FATAL] Updater:351 - Updater called before beeing initialized
2025-09-12 19:37:04,608 [FATAL] Updater:351 - Updater called before beeing initialized
2025-09-12 19:37:04,611 [INFO] DbMcusAds:53 - JSON generation date=Tue Jul 08 10:14:23 CEST 2025 (1751962463582)
2025-09-12 19:37:04,611 [FATAL] Updater:351 - Updater called before beeing initialized
2025-09-12 19:37:04,635 [WARN] DetailPanel:346 - Failed to get advertising image, set to default
2025-09-12 19:37:04,826 [FATAL] Updater:351 - Updater called before beeing initialized
2025-09-12 19:37:04,828 [FATAL] Updater:351 - Updater called before beeing initialized
2025-09-12 19:37:04,828 [FATAL] Updater:351 - Updater called before beeing initialized
2025-09-12 19:37:04,828 [WARN] DetailPanel:346 - Failed to get advertising image, set to default
2025-09-12 19:37:04,829 [FATAL] Updater:351 - Updater called before beeing initialized
2025-09-12 19:37:04,853 [ERROR] Updater:1198 - MainUpdater not yet initialized. External WinMGr cannot be set.
2025-09-12 19:37:04,855 [INFO] Updater:1134 - Updater Version found : 6.14.0
2025-09-12 19:37:04,870 [INFO] ApplicationProperties:184 - Using Application install path: /opt/st/stm32cubeide_1.18.0/plugins/com.st.stm32cube.common.mx_6.14.0.202502271554
2025-09-12 19:37:05,090 [INFO] MainUpdater:2872 - connection check result : 10
2025-09-12 19:37:05,091 [INFO] MainUpdater:289 - Updater Check For Update Now.
2025-09-12 19:37:05,091 [INFO] MicroXplorer:498 - Change Database Version : DB.6.0.140
2025-09-12 19:37:05,095 [INFO] McuFinderGlobals:63 - Set McuFinder mode to 2 (CubeIDE integrated)
2025-09-12 19:37:05,095 [INFO] UserAuth:171 - activating auth plugin
2025-09-12 19:37:05,097 [INFO] UserAuth:486 - Internet connection configuration mode: 1
2025-09-12 19:37:05,112 [INFO] JxBrowserEngine:152 - Initiate JxBrowser Engine with user profile folder
2025-09-12 19:37:05,244 [INFO] CheckServerUpdateThread:120 - End of CheckServer Thread
2025-09-12 19:37:05,857 [INFO] WebApp:169 - Instantiating new browser for Auth
2025-09-12 19:37:06,441 [INFO] WebApp:463 - Apply proxy settings
2025-09-12 19:37:06,442 [INFO] WebApp:548 - Chromium requires no authentication
2025-09-12 19:37:06,447 [INFO] WebApp:491 - Direct internet connection detected
2025-09-12 19:37:06,461 [INFO] WebApp:894 - Register for checkConnection events
2025-09-12 19:37:06,461 [INFO] WebApp:463 - Apply proxy settings
2025-09-12 19:37:06,461 [INFO] WebApp:548 - Chromium requires no authentication
2025-09-12 19:37:06,462 [INFO] WebApp:491 - Direct internet connection detected
2025-09-12 19:37:06,552 [INFO] WebApp:225 - Starting web application
2025-09-12 19:37:06,552 [INFO] WebApp:593 - Web application path used /opt/st/stm32cubeide_1.18.0/plugins/com.st.stm32cube.common.mx_6.14.0.202502271554/db/plugins/mcufinder/reactClient1/index.html
2025-09-12 19:37:06,713 [INFO] WebApp:191 - Connection restablished
2025-09-12 19:37:07,048 [WARN] PackLoader:240 - Cannot read IP mode file for STMicroelectronics.FP-SNS-MOTENVWB1.1.4.0
2025-09-12 19:37:07,055 [WARN] PackLoader:240 - Cannot read IP mode file for STMicroelectronics.FP-ATR-ASTRA1.2.0.2
2025-09-12 19:37:07,061 [WARN] PackLoader:240 - Cannot read IP mode file for STMicroelectronics.X-CUBE-SMBUS.2.1.0
2025-09-12 19:37:07,066 [WARN] PackLoader:240 - Cannot read IP mode file for STMicroelectronics.X-CUBE-WB05N.1.1.0
2025-09-12 19:37:07,070 [WARN] PackLoader:240 - Cannot read IP mode file for STMicroelectronics.X-CUBE-ST60.1.0.0
2025-09-12 19:37:07,089 [WARN] PackLoader:240 - Cannot read IP mode file for STMicroelectronics.X-CUBE-AZRTOS-F7.1.1.0
2025-09-12 19:37:07,110 [WARN] PackLoader:240 - Cannot read IP mode file for Infineon.AIROC-Wi-Fi-Bluetooth-STM32.1.7.0
2025-09-12 19:37:07,135 [WARN] PackLoader:240 - Cannot read IP mode file for STMicroelectronics.X-CUBE-AZRTOS-H7.3.4.0
2025-09-12 19:37:07,142 [WARN] PackLoader:240 - Cannot read IP mode file for STMicroelectronics.X-CUBE-DISPLAY.3.0.0
2025-09-12 19:37:07,152 [WARN] PackLoader:240 - Cannot read IP mode file for STMicroelectronics.X-CUBE-NFC10.1.0.0
2025-09-12 19:37:07,160 [WARN] PackLoader:240 - Cannot read IP mode file for STMicroelectronics.X-CUBE-BLEMGR.4.0.0
2025-09-12 19:37:07,165 [WARN] PackLoader:240 - Cannot read IP mode file for emotas.I-CUBE-CANOPEN.1.3.0
2025-09-12 19:37:07,167 [WARN] ConditionMgr:438 - getConditionDescription Invalid condition id : Cortex-A Device cause : null
2025-09-12 19:37:07,176 [WARN] ConditionMgr:1044 - genDependencies : Invalid condition id : Cortex-A Device cause : null
2025-09-12 19:37:07,176 [WARN] ConditionMgr:1044 - genDependencies : Invalid condition id : Cortex-A Device cause : null
2025-09-12 19:37:07,176 [WARN] ConditionMgr:1044 - genDependencies : Invalid condition id : Cortex-A Device cause : null
2025-09-12 19:37:07,178 [WARN] PackLoader:240 - Cannot read IP mode file for STMicroelectronics.X-CUBE-AI.10.0.0
2025-09-12 19:37:07,181 [ERROR] Engine:466 - /home/lenovo/.stm32cubemx/thirdparties/pdsc/STMicroelectronics.FP-SNS-STBOX1.2.1.0.pdsc: PDSC version is not supported
2025-09-12 19:37:07,184 [WARN] PackLoader:240 - Cannot read IP mode file for STMicroelectronics.FP-SNS-SMARTAG2.1.2.0
2025-09-12 19:37:07,186 [WARN] PackLoader:240 - Cannot read IP mode file for STMicroelectronics.FP-SNS-FLIGHT1.5.1.0
2025-09-12 19:37:07,212 [WARN] PackLoader:240 - Cannot read IP mode file for STMicroelectronics.X-CUBE-MEMS1.11.1.0
2025-09-12 19:37:07,371 [INFO] LogOutputStream:77 - [STDOUT_REDIRECT] 1 : Invalid condition id : UX_CORESTACK_Condition cause : null
2025-09-12 19:37:07,371 [INFO] LogOutputStream:77 - [STDOUT_REDIRECT] 1 : Invalid condition id : UX_CORESTACK_Condition cause : null
2025-09-12 19:37:07,372 [INFO] LogOutputStream:77 - [STDOUT_REDIRECT] 1 : Invalid condition id : UX_CORESTACK_Condition cause : null
2025-09-12 19:37:07,372 [INFO] LogOutputStream:77 - [STDOUT_REDIRECT] 1 : Invalid condition id : UX_CORESTACK_Condition cause : null
2025-09-12 19:37:07,372 [INFO] LogOutputStream:77 - [STDOUT_REDIRECT] 1 : Invalid condition id : UX_CORESTACK_Condition cause : null
2025-09-12 19:37:07,375 [WARN] PackLoader:240 - Cannot read IP mode file for STMicroelectronics.X-CUBE-AZRTOS-WL.2.0.0
2025-09-12 19:37:07,378 [WARN] PackLoader:240 - Cannot read IP mode file for STMicroelectronics.FP-SNS-MOTENV1.5.0.0
2025-09-12 19:37:07,382 [WARN] PackLoader:240 - Cannot read IP mode file for WES.I-CUBE-Cesium.1.3.0
2025-09-12 19:37:07,385 [WARN] PackLoader:240 - Cannot read IP mode file for STMicroelectronics.X-CUBE-BLE2.3.3.0
2025-09-12 19:37:07,388 [WARN] PackLoader:240 - Cannot read IP mode file for STMicroelectronics.X-CUBE-NFC9.1.0.0
2025-09-12 19:37:07,392 [WARN] PackLoader:240 - Cannot read IP mode file for STMicroelectronics.X-CUBE-BLE1.7.1.0
2025-09-12 19:37:07,394 [WARN] PackLoader:240 - Cannot read IP mode file for wolfSSL.I-CUBE-wolfMQTT.1.19.2
2025-09-12 19:37:07,396 [WARN] PackLoader:240 - Cannot read IP mode file for STMicroelectronics.X-CUBE-EEPRMA1.5.2.0
2025-09-12 19:37:07,400 [WARN] PackLoader:240 - Cannot read IP mode file for STMicroelectronics.X-CUBE-AI.10.1.0
2025-09-12 19:37:07,422 [WARN] PackLoader:240 - Cannot read IP mode file for STMicroelectronics.X-CUBE-MEMS1.11.2.0
2025-09-12 19:37:07,542 [WARN] PackLoader:240 - Cannot read IP mode file for STMicroelectronics.X-CUBE-AZRTOS-G0.1.1.0
2025-09-12 19:37:07,547 [WARN] PackLoader:240 - Cannot read IP mode file for STMicroelectronics.X-CUBE-SAFEA1.1.2.2
2025-09-12 19:37:07,550 [WARN] PackLoader:240 - Cannot read IP mode file for STMicroelectronics.X-CUBE-NFC4.3.0.0
2025-09-12 19:37:07,555 [WARN] PackLoader:240 - Cannot read IP mode file for EmbeddedOffice.I-CUBE-FS-RTOS.1.0.1
2025-09-12 19:37:07,559 [WARN] PackLoader:240 - Cannot read IP mode file for STMicroelectronics.X-CUBE-WB05N.2.0.0
2025-09-12 19:37:07,562 [WARN] PackLoader:240 - Cannot read IP mode file for wolfSSL.I-CUBE-wolfTPM.3.8.0
2025-09-12 19:37:07,565 [WARN] PackLoader:240 - Cannot read IP mode file for STMicroelectronics.X-CUBE-TCPP.4.2.0
2025-09-12 19:37:07,568 [WARN] PackLoader:240 - Cannot read IP mode file for RealThread.X-CUBE-RT-Thread_Nano.4.1.1
2025-09-12 19:37:07,570 [WARN] PackLoader:240 - Cannot read IP mode file for STMicroelectronics.FP-ATR-SIGFOX1.3.2.0
2025-09-12 19:37:07,573 [WARN] PackLoader:240 - Cannot read IP mode file for STMicroelectronics.X-CUBE-EEPRMA1.5.1.0
2025-09-12 19:37:07,577 [WARN] PackLoader:240 - Cannot read IP mode file for wolfSSL.I-CUBE-wolfSSL.5.7.6
2025-09-12 19:37:07,581 [WARN] PackLoader:240 - Cannot read IP mode file for ITTIA_DB.I-CUBE-ITTIADB.8.9.0
2025-09-12 19:37:07,584 [WARN] PackLoader:240 - Cannot read IP mode file for STMicroelectronics.X-CUBE-ST67W61.1.0.0
2025-09-12 19:37:07,587 [WARN] PackLoader:240 - Cannot read IP mode file for STMicroelectronics.X-CUBE-AI.10.2.0
2025-09-12 19:37:07,605 [WARN] PackLoader:240 - Cannot read IP mode file for SEGGER.I-CUBE-embOS.1.3.1
2025-09-12 19:37:07,642 [WARN] PackLoader:240 - Cannot read IP mode file for STMicroelectronics.X-CUBE-ALGOBUILD.1.4.0
2025-09-12 19:37:07,662 [WARN] PackLoader:240 - Cannot read IP mode file for STMicroelectronics.X-CUBE-MEMS1.11.3.0
2025-09-12 19:37:07,793 [WARN] PackLoader:240 - Cannot read IP mode file for STMicroelectronics.X-CUBE-PM33A1.1.0.0
2025-09-12 19:37:07,804 [WARN] PackLoader:240 - Cannot read IP mode file for STMicroelectronics.X-CUBE-AZRTOS-F4.1.1.0
2025-09-12 19:37:07,808 [WARN] PackLoader:240 - Cannot read IP mode file for Avnet-IotConnect.X-CUBE-IoTC-DA16k-PMOD.1.0.0
2025-09-12 19:37:07,810 [WARN] PackLoader:240 - Cannot read IP mode file for STMicroelectronics.X-CUBE-ISPU.2.1.0
2025-09-12 19:37:07,815 [WARN] PackLoader:240 - Cannot read IP mode file for STMicroelectronics.X-CUBE-NFC12.1.0.0
2025-09-12 19:37:07,824 [WARN] PackLoader:240 - Cannot read IP mode file for STMicroelectronics.X-CUBE-AZRTOS-L5.2.0.0
2025-09-12 19:37:07,845 [WARN] PackLoader:240 - Cannot read IP mode file for STMicroelectronics.X-CUBE-NFC6.3.1.0
2025-09-12 19:37:07,852 [WARN] PackLoader:240 - Cannot read IP mode file for STMicroelectronics.X-CUBE-FREERTOS.1.3.1
2025-09-12 19:37:07,857 [WARN] PackLoader:240 - Cannot read IP mode file for STMicroelectronics.X-CUBE-FREERTOS.1.3.0
2025-09-12 19:37:07,860 [WARN] PackLoader:240 - Cannot read IP mode file for STMicroelectronics.X-CUBE-NFC7.1.0.1
2025-09-12 19:37:07,866 [WARN] PackLoader:240 - Cannot read IP mode file for STMicroelectronics.FP-SNS-STAIOTCFT.1.0.0
2025-09-12 19:37:07,871 [WARN] PackLoader:240 - Cannot read IP mode file for STMicroelectronics.X-CUBE-DPower.1.3.0
2025-09-12 19:37:07,882 [WARN] ConditionMgr:438 - getConditionDescription Invalid condition id : LAN8742 Phy interface Condition cause : null
2025-09-12 19:37:07,883 [WARN] PackLoader:240 - Cannot read IP mode file for STMicroelectronics.X-CUBE-AZRTOS-L4.2.0.0
2025-09-12 19:37:07,884 [WARN] ConditionMgr:1044 - genDependencies : Invalid condition id : LAN8742 Phy interface Condition cause : null
2025-09-12 19:37:07,884 [WARN] ConditionMgr:1044 - genDependencies : Invalid condition id : LAN8742 Phy interface Condition cause : null
2025-09-12 19:37:07,885 [WARN] ConditionMgr:1044 - genDependencies : Invalid condition id : LAN8742 Phy interface Condition cause : null
2025-09-12 19:37:07,890 [WARN] PackLoader:240 - Cannot read IP mode file for STMicroelectronics.X-CUBE-SFXS2LP1.4.0.0
2025-09-12 19:37:07,903 [WARN] PackLoader:240 - Cannot read IP mode file for STMicroelectronics.X-CUBE-AZRTOS-H7.3.3.0
2025-09-12 19:37:07,911 [WARN] PackLoader:240 - Cannot read IP mode file for STMicroelectronics.X-CUBE-BLEMGR.4.1.0
2025-09-12 19:37:07,919 [WARN] ConditionMgr:438 - getConditionDescription Invalid condition id : UX DEVICE CLASS RTOS Condition cause : null
2025-09-12 19:37:07,919 [WARN] ConditionMgr:438 - getConditionDescription Invalid condition id : UX DEVICE CLASS RTOS Condition cause : null
2025-09-12 19:37:07,920 [WARN] PackLoader:240 - Cannot read IP mode file for STMicroelectronics.X-CUBE-AZRTOS-WB.2.0.0
2025-09-12 19:37:07,920 [WARN] ConditionMgr:1044 - genDependencies : Invalid condition id : UX DEVICE CLASS RTOS Condition cause : null
2025-09-12 19:37:07,920 [WARN] ConditionMgr:1044 - genDependencies : Invalid condition id : UX DEVICE CLASS RTOS Condition cause : null
2025-09-12 19:37:07,921 [WARN] ConditionMgr:1044 - genDependencies : Invalid condition id : UX DEVICE CLASS RTOS Condition cause : null
2025-09-12 19:37:07,921 [WARN] ConditionMgr:1044 - genDependencies : Invalid condition id : UX DEVICE CLASS RTOS Condition cause : null
2025-09-12 19:37:07,921 [WARN] ConditionMgr:1044 - genDependencies : Invalid condition id : UX DEVICE CLASS RTOS Condition cause : null
2025-09-12 19:37:07,925 [WARN] PackLoader:240 - Cannot read IP mode file for STMicroelectronics.X-CUBE-GNSS1.7.0.1
2025-09-12 19:37:07,928 [WARN] PackLoader:240 - Cannot read IP mode file for STMicroelectronics.X-CUBE-TOUCHGFX.4.25.0
2025-09-12 19:37:07,931 [WARN] PackLoader:240 - Cannot read IP mode file for STMicroelectronics.FP-SNS-STBOX1.2.0.0
2025-09-12 19:37:07,943 [WARN] PackLoader:240 - Cannot read IP mode file for STMicroelectronics.X-CUBE-SUBG2.5.0.0
2025-09-12 19:37:07,955 [WARN] PackLoader:240 - Cannot read IP mode file for STMicroelectronics.X-CUBE-AZRTOS-H7RS.1.1.0
2025-09-12 19:37:07,959 [WARN] PackLoader:240 - Cannot read IP mode file for Cesanta.I-CUBE-Mongoose.7.13.0
2025-09-12 19:37:07,966 [WARN] PackLoader:240 - Cannot read IP mode file for STMicroelectronics.X-CUBE-AZRTOS-G4.2.0.0
2025-09-12 19:37:07,970 [WARN] PackLoader:240 - Cannot read IP mode file for wolfSSL.I-CUBE-wolfSSH.1.4.20
2025-09-12 19:37:07,972 [WARN] PackLoader:240 - Cannot read IP mode file for STMicroelectronics.X-CUBE-NFC7.2.0.0
2025-09-12 19:37:07,978 [WARN] PackLoader:240 - Cannot read IP mode file for STMicroelectronics.X-CUBE-IPS.3.1.0
2025-09-12 19:37:07,989 [WARN] PackLoader:240 - Cannot read IP mode file for STMicroelectronics.X-CUBE-ALS.1.0.2
2025-09-12 19:37:07,993 [WARN] PackLoader:240 - Cannot read IP mode file for STMicroelectronics.X-CUBE-STSE01.1.0.0
2025-09-12 19:37:07,996 [WARN] PackLoader:240 - Cannot read IP mode file for portGmbH.I-Cube-SoM-uGOAL.1.1.0
2025-09-12 19:37:08,002 [WARN] PackLoader:240 - Cannot read IP mode file for STMicroelectronics.X-CUBE-TOF1.3.4.2
2025-09-12 19:37:08,018 [WARN] PackLoader:240 - Cannot read IP mode file for STMicroelectronics.X-CUBE-TOF1.3.4.3
2025-09-12 19:37:08,030 [INFO] ThirdParty:978 - Integrity check success = true
2025-09-12 19:37:08,031 [INFO] IntegrityCheckThread:100 - exiting critical section [integrity check]
2025-09-12 19:37:08,031 [INFO] IntegrityCheckThread:103 - End integrity checks thread
2025-09-12 21:45:55,553 [ERROR] LogOutputStream:75 - [STDERR_REDIRECT] 
