2025-09-19 08:18:46,745 [INFO] Activator:176 - 


2025-09-19 08:18:46,747 [INFO] Activator:177 - !SESSION log4j initialized
2025-09-19 08:18:49,850 [INFO] LogOutputStream:77 - [STDOUT_REDIRECT] 
2025-09-19 08:18:50,360 [INFO] ApplicationProperties:184 - Using Application install path: /opt/st/stm32cubeide_1.18.0/plugins/com.st.stm32cube.common.mx_6.14.0.202502271554
2025-09-19 08:18:50,374 [INFO] DbMcusXml:78 - Set database path to: /opt/st/stm32cubeide_1.18.0/plugins/com.st.stm32cube.common.mx_6.14.0.202502271554//db//mcu/
2025-09-19 08:18:50,374 [INFO] ApiDb:274 - Set plugin database path to: /opt/st/stm32cubeide_1.18.0/plugins/com.st.stm32cube.common.mx_6.14.0.202502271554//db//plugins/boardmanager/
2025-09-19 08:18:50,375 [WARN] ApiDb:259 - Overriding images path with different value:  => /opt/st/stm32cubeide_1.18.0/plugins/com.st.stm32cube.common.mx_6.14.0.202502271554//db//plugins/mcufinder/images/
2025-09-19 08:18:50,381 [INFO] ApiDb:250 - Set database path to: /home/lenovo/.stmcufinder/plugins/mcufinder//mcu/
2025-09-19 08:18:50,381 [INFO] DbMcusAds:125 - Set database path to: /home/lenovo/.stmcufinder/plugins/mcufinder//mcu/
2025-09-19 08:18:50,383 [INFO] CrossReferenceDbSqlite:203 - Set database path to: /home/lenovo/.stmcufinder/plugins/mcufinder//mcu/cs/
2025-09-19 08:18:50,466 [INFO] RulesReader:64 - Compatibility file has been processed (301 Rules)
2025-09-19 08:18:50,514 [INFO] DbMcusXml:78 - Set database path to: /opt/st/stm32cubeide_1.18.0/plugins/com.st.stm32cube.common.mx_6.14.0.202502271554//db//mcu/
2025-09-19 08:18:50,514 [INFO] ApiDb:274 - Set plugin database path to: /opt/st/stm32cubeide_1.18.0/plugins/com.st.stm32cube.common.mx_6.14.0.202502271554//db//plugins/boardmanager/
2025-09-19 08:18:50,514 [INFO] ApiDb:261 - Set plugin images path to: /opt/st/stm32cubeide_1.18.0/plugins/com.st.stm32cube.common.mx_6.14.0.202502271554//db//plugins/mcufinder/images/
2025-09-19 08:18:50,515 [WARN] DbFile:41 - Overriding database path with different value: /home/lenovo/.stmcufinder/plugins/mcufinder/ => /home/lenovo/.stmcufinder/plugins/mcufinder
2025-09-19 08:18:50,515 [INFO] ApiDb:250 - Set database path to: /home/lenovo/.stmcufinder/plugins/mcufinder//mcu/
2025-09-19 08:18:50,515 [WARN] DbFile:41 - Overriding database path with different value: /home/lenovo/.stmcufinder/plugins/mcufinder/ => /home/lenovo/.stmcufinder/plugins/mcufinder
2025-09-19 08:18:50,515 [INFO] DbMcusAds:125 - Set database path to: /home/lenovo/.stmcufinder/plugins/mcufinder//mcu/
2025-09-19 08:18:50,515 [WARN] DbFile:41 - Overriding database path with different value: /home/lenovo/.stmcufinder/plugins/mcufinder/ => /home/lenovo/.stmcufinder/plugins/mcufinder
2025-09-19 08:18:50,515 [WARN] DbFile:41 - Overriding database path with different value: /home/lenovo/.stmcufinder/plugins/mcufinder/ => /home/lenovo/.stmcufinder/plugins/mcufinder
2025-09-19 08:18:50,515 [INFO] CrossReferenceDbSqlite:203 - Set database path to: /home/lenovo/.stmcufinder/plugins/mcufinder//mcu/cs/
2025-09-19 08:18:50,565 [INFO] MainPanel:272 - HeapMemory: 268435456
2025-09-19 08:18:50,665 [INFO] DbMcusXml:78 - Set database path to: /opt/st/stm32cubeide_1.18.0/plugins/com.st.stm32cube.common.mx_6.14.0.202502271554//db//mcu/
2025-09-19 08:18:50,665 [INFO] ApiDb:274 - Set plugin database path to: /opt/st/stm32cubeide_1.18.0/plugins/com.st.stm32cube.common.mx_6.14.0.202502271554//db//plugins/boardmanager/
2025-09-19 08:18:50,665 [INFO] ApiDb:261 - Set plugin images path to: /opt/st/stm32cubeide_1.18.0/plugins/com.st.stm32cube.common.mx_6.14.0.202502271554//db//plugins/mcufinder/images/
2025-09-19 08:18:50,665 [WARN] DbFile:41 - Overriding database path with different value: /home/lenovo/.stmcufinder/plugins/mcufinder/ => /home/lenovo/.stmcufinder/plugins/mcufinder
2025-09-19 08:18:50,665 [INFO] ApiDb:250 - Set database path to: /home/lenovo/.stmcufinder/plugins/mcufinder//mcu/
2025-09-19 08:18:50,665 [WARN] DbFile:41 - Overriding database path with different value: /home/lenovo/.stmcufinder/plugins/mcufinder/ => /home/lenovo/.stmcufinder/plugins/mcufinder
2025-09-19 08:18:50,666 [INFO] DbMcusAds:125 - Set database path to: /home/lenovo/.stmcufinder/plugins/mcufinder//mcu/
2025-09-19 08:18:50,666 [WARN] DbFile:41 - Overriding database path with different value: /home/lenovo/.stmcufinder/plugins/mcufinder/ => /home/lenovo/.stmcufinder/plugins/mcufinder
2025-09-19 08:18:50,666 [WARN] DbFile:41 - Overriding database path with different value: /home/lenovo/.stmcufinder/plugins/mcufinder/ => /home/lenovo/.stmcufinder/plugins/mcufinder
2025-09-19 08:18:50,666 [INFO] CrossReferenceDbSqlite:203 - Set database path to: /home/lenovo/.stmcufinder/plugins/mcufinder//mcu/cs/
2025-09-19 08:18:50,679 [INFO] ApplicationProperties:184 - Using Application install path: /opt/st/stm32cubeide_1.18.0/plugins/com.st.stm32cube.common.mx_6.14.0.202502271554
2025-09-19 08:18:50,680 [INFO] PluginManage:196 - Search for loadable plugins [exclusion list=, ]
2025-09-19 08:18:50,681 [INFO] PluginManage:310 - Check plugin analytics
2025-09-19 08:18:50,793 [INFO] AnalyticsPlugin:253 - Accepted Software Licenses: 
2025-09-19 08:18:50,793 [INFO] AnalyticsPlugin:255 - Accepted CMSIS Pack Licenses: 
2025-09-19 08:18:50,793 [INFO] AnalyticsPlugin:257 - Accepted Firmware Licenses: 
2025-09-19 08:18:50,795 [INFO] PluginManage:359 - Loaded plugin analytics (category:tool,tabindex:-1)
2025-09-19 08:18:50,795 [INFO] PluginManage:310 - Check plugin cadmodel
2025-09-19 08:18:50,800 [INFO] CADModel:105 - Init CAD model plugin
2025-09-19 08:18:50,800 [INFO] PluginManage:359 - Loaded plugin cadmodel (category:power,tabindex:5)
2025-09-19 08:18:50,800 [INFO] PluginManage:310 - Check plugin clock
2025-09-19 08:18:50,808 [INFO] PluginManage:359 - Loaded plugin clock (category:base,tabindex:2)
2025-09-19 08:18:50,809 [INFO] PluginManage:310 - Check plugin ddr
2025-09-19 08:18:50,811 [INFO] PluginManage:359 - Loaded plugin ddr (category:tool,tabindex:6)
2025-09-19 08:18:50,811 [INFO] PluginManage:310 - Check plugin filemanager
2025-09-19 08:18:50,918 [INFO] PluginManage:359 - Loaded plugin filemanager (category:base,tabindex:10)
2025-09-19 08:18:50,918 [INFO] PluginManage:310 - Check plugin ipmanager
2025-09-19 08:18:50,922 [INFO] PluginManage:359 - Loaded plugin ipmanager (category:base,tabindex:5)
2025-09-19 08:18:50,922 [INFO] PluginManage:310 - Check plugin lpbam
2025-09-19 08:18:50,930 [INFO] PluginManage:359 - Loaded plugin lpbam (category:base,tabindex:0)
2025-09-19 08:18:50,930 [INFO] PluginManage:310 - Check plugin memorymap
2025-09-19 08:18:50,940 [INFO] PluginManage:359 - Loaded plugin memorymap (category:base,tabindex:4)
2025-09-19 08:18:50,940 [INFO] PluginManage:310 - Check plugin pinoutandconfiguration
2025-09-19 08:18:50,948 [INFO] PluginManage:359 - Loaded plugin pinoutandconfiguration (category:base,tabindex:1)
2025-09-19 08:18:50,948 [INFO] PluginManage:310 - Check plugin pinoutconfig
2025-09-19 08:18:51,014 [WARN] SupportedApi:132 - Cannot load RTOS API schema: s4s-elt-must-match.1: The content of 'definitions' must match (annotation?, (simpleType | complexType)?, (unique | key | keyref)*)). A problem was found starting at: attribute.
2025-09-19 08:18:51,114 [INFO] PluginManage:359 - Loaded plugin pinoutconfig (category:base,tabindex:0)
2025-09-19 08:18:51,114 [INFO] PluginManage:310 - Check plugin power
2025-09-19 08:18:51,122 [INFO] PluginManage:359 - Loaded plugin power (category:power,tabindex:4)
2025-09-19 08:18:51,122 [INFO] PluginManage:310 - Check plugin projectmanager
2025-09-19 08:18:51,132 [INFO] PluginManage:359 - Loaded plugin projectmanager (category:projectmanager,tabindex:4)
2025-09-19 08:18:51,133 [INFO] PluginManage:310 - Check plugin rif
2025-09-19 08:18:51,139 [INFO] PluginManage:359 - Loaded plugin rif (category:base,tabindex:3)
2025-09-19 08:18:51,139 [INFO] PluginManage:310 - Check plugin thirdparty
2025-09-19 08:18:51,217 [INFO] PluginManage:359 - Loaded plugin thirdparty (category:base,tabindex:-1)
2025-09-19 08:18:51,217 [WARN] IntegrityCheckThread:84 - waiting for thirdparty lock release [integrity check]
2025-09-19 08:18:51,217 [INFO] PluginManage:310 - Check plugin tools
2025-09-19 08:18:51,217 [INFO] IntegrityCheckThread:86 - entering critical section [integrity check]
2025-09-19 08:18:51,217 [INFO] ThirdPartyUpdaterWithRetryManager:70 - Updater plugin not ready yet. [1/15]
2025-09-19 08:18:51,219 [INFO] PluginManage:359 - Loaded plugin tools (category:base,tabindex:7)
2025-09-19 08:18:51,219 [INFO] PluginManage:310 - Check plugin tutovideos
2025-09-19 08:18:51,344 [INFO] PluginManage:359 - Loaded plugin tutovideos (category:base,tabindex:-1)
2025-09-19 08:18:51,344 [INFO] PluginManage:310 - Check plugin updater
2025-09-19 08:18:51,361 [INFO] PluginManage:359 - Loaded plugin updater (category:base,tabindex:12)
2025-09-19 08:18:51,362 [INFO] PluginManage:310 - Check plugin userauth
2025-09-19 08:18:51,366 [INFO] UserAuth:118 - Init User Auth plugin
2025-09-19 08:18:51,366 [INFO] PluginManage:359 - Loaded plugin userauth (category:base,tabindex:14)
2025-09-19 08:18:51,367 [INFO] PluginManage:283 - PluginManage : Loaded plugins [18]
2025-09-19 08:18:51,512 [INFO] PinOutPanel:1589 - setPackage(No Configuration,No Configuration)
2025-09-19 08:18:51,562 [INFO] CADModel:165 - CPN selected for project level
2025-09-19 08:18:51,563 [INFO] CADModel:114 - Register for checkConnection events
2025-09-19 08:18:51,572 [INFO] IPUIPlugin:80 - create IPUIPlugin
2025-09-19 08:18:51,572 [INFO] PluginManager:220 - loadIPPluginJar : add i3c
2025-09-19 08:18:51,574 [INFO] IPUIPlugin:80 - create IPUIPlugin
2025-09-19 08:18:51,574 [INFO] PluginManager:220 - loadIPPluginJar : add usbx
2025-09-19 08:18:51,579 [INFO] IPUIPlugin:80 - create IPUIPlugin
2025-09-19 08:18:51,580 [INFO] PluginManager:220 - loadIPPluginJar : add plateformsettings
2025-09-19 08:18:51,584 [INFO] IPUIPlugin:80 - create IPUIPlugin
2025-09-19 08:18:51,585 [INFO] PluginManager:220 - loadIPPluginJar : add dma
2025-09-19 08:18:51,586 [INFO] IPUIPlugin:80 - create IPUIPlugin
2025-09-19 08:18:51,586 [INFO] PluginManager:220 - loadIPPluginJar : add aes
2025-09-19 08:18:51,588 [INFO] IPUIPlugin:80 - create IPUIPlugin
2025-09-19 08:18:51,588 [INFO] PluginManager:220 - loadIPPluginJar : add touchsensing
2025-09-19 08:18:51,592 [INFO] IPUIPlugin:80 - create IPUIPlugin
2025-09-19 08:18:51,592 [INFO] PluginManager:220 - loadIPPluginJar : add resmgrutility
2025-09-19 08:18:51,594 [INFO] IPUIPlugin:80 - create IPUIPlugin
2025-09-19 08:18:51,594 [INFO] PluginManager:220 - loadIPPluginJar : add opamp
2025-09-19 08:18:51,595 [INFO] IPUIPlugin:80 - create IPUIPlugin
2025-09-19 08:18:51,595 [INFO] PluginManager:220 - loadIPPluginJar : add pdm2pcm
2025-09-19 08:18:51,596 [INFO] IPUIPlugin:80 - create IPUIPlugin
2025-09-19 08:18:51,597 [INFO] PluginManager:220 - loadIPPluginJar : add ucpd
2025-09-19 08:18:51,598 [INFO] IPUIPlugin:80 - create IPUIPlugin
2025-09-19 08:18:51,598 [INFO] PluginManager:220 - loadIPPluginJar : add dma3
2025-09-19 08:18:51,600 [INFO] IPUIPlugin:80 - create IPUIPlugin
2025-09-19 08:18:51,600 [INFO] PluginManager:220 - loadIPPluginJar : add usart
2025-09-19 08:18:51,601 [INFO] IPUIPlugin:80 - create IPUIPlugin
2025-09-19 08:18:51,601 [INFO] PluginManager:220 - loadIPPluginJar : add radio
2025-09-19 08:18:51,605 [INFO] IPUIPlugin:80 - create IPUIPlugin
2025-09-19 08:18:51,606 [INFO] PluginManager:220 - loadIPPluginJar : add stm32_wpan
2025-09-19 08:18:51,608 [INFO] IPUIPlugin:80 - create IPUIPlugin
2025-09-19 08:18:51,608 [INFO] PluginManager:220 - loadIPPluginJar : add extmemmanager
2025-09-19 08:18:51,609 [INFO] IPUIPlugin:80 - create IPUIPlugin
2025-09-19 08:18:51,609 [INFO] PluginManager:220 - loadIPPluginJar : add lorawan
2025-09-19 08:18:51,614 [INFO] IPUIPlugin:80 - create IPUIPlugin
2025-09-19 08:18:51,614 [INFO] PluginManager:220 - loadIPPluginJar : add adc
2025-09-19 08:18:51,615 [INFO] IPUIPlugin:80 - create IPUIPlugin
2025-09-19 08:18:51,615 [INFO] PluginManager:220 - loadIPPluginJar : add genericplugin
2025-09-19 08:18:51,616 [INFO] IPUIPlugin:80 - create IPUIPlugin
2025-09-19 08:18:51,616 [INFO] PluginManager:220 - loadIPPluginJar : add spi
2025-09-19 08:18:51,618 [INFO] IPUIPlugin:80 - create IPUIPlugin
2025-09-19 08:18:51,618 [INFO] PluginManager:220 - loadIPPluginJar : add gtzc
2025-09-19 08:18:51,619 [INFO] IPUIPlugin:80 - create IPUIPlugin
2025-09-19 08:18:51,619 [INFO] PluginManager:220 - loadIPPluginJar : add comp
2025-09-19 08:18:51,624 [INFO] IPUIPlugin:80 - create IPUIPlugin
2025-09-19 08:18:51,624 [INFO] PluginManager:220 - loadIPPluginJar : add linkedlist
2025-09-19 08:18:51,627 [INFO] IPUIPlugin:80 - create IPUIPlugin
2025-09-19 08:18:51,627 [INFO] PluginManager:220 - loadIPPluginJar : add ddr_ctrl_phy
2025-09-19 08:18:51,629 [INFO] IPUIPlugin:80 - create IPUIPlugin
2025-09-19 08:18:51,629 [INFO] PluginManager:220 - loadIPPluginJar : add sai
2025-09-19 08:18:51,631 [INFO] IPUIPlugin:80 - create IPUIPlugin
2025-09-19 08:18:51,631 [INFO] PluginManager:220 - loadIPPluginJar : add hash
2025-09-19 08:18:51,632 [INFO] IPUIPlugin:80 - create IPUIPlugin
2025-09-19 08:18:51,632 [INFO] PluginManager:220 - loadIPPluginJar : add dfsdm
2025-09-19 08:18:51,634 [INFO] IPUIPlugin:80 - create IPUIPlugin
2025-09-19 08:18:51,634 [INFO] PluginManager:220 - loadIPPluginJar : add cryp
2025-09-19 08:18:51,637 [INFO] IPUIPlugin:80 - create IPUIPlugin
2025-09-19 08:18:51,637 [INFO] PluginManager:220 - loadIPPluginJar : add fmc
2025-09-19 08:18:51,638 [INFO] IPUIPlugin:80 - create IPUIPlugin
2025-09-19 08:18:51,638 [INFO] PluginManager:220 - loadIPPluginJar : add quadspi
2025-09-19 08:18:51,639 [INFO] IPUIPlugin:80 - create IPUIPlugin
2025-09-19 08:18:51,639 [INFO] PluginManager:220 - loadIPPluginJar : add ltdc
2025-09-19 08:18:51,641 [INFO] IPUIPlugin:80 - create IPUIPlugin
2025-09-19 08:18:51,641 [INFO] PluginManager:220 - loadIPPluginJar : add gfxmmu
2025-09-19 08:18:51,642 [INFO] IPUIPlugin:80 - create IPUIPlugin
2025-09-19 08:18:51,642 [INFO] PluginManager:220 - loadIPPluginJar : add ts
2025-09-19 08:18:51,646 [INFO] IPUIPlugin:80 - create IPUIPlugin
2025-09-19 08:18:51,646 [INFO] PluginManager:220 - loadIPPluginJar : add nvic
2025-09-19 08:18:51,647 [INFO] IPUIPlugin:80 - create IPUIPlugin
2025-09-19 08:18:51,647 [INFO] PluginManager:220 - loadIPPluginJar : add tracer_emb
2025-09-19 08:18:51,649 [INFO] IPUIPlugin:80 - create IPUIPlugin
2025-09-19 08:18:51,649 [INFO] PluginManager:220 - loadIPPluginJar : add i2c
2025-09-19 08:18:51,651 [INFO] IPUIPlugin:80 - create IPUIPlugin
2025-09-19 08:18:51,651 [INFO] PluginManager:220 - loadIPPluginJar : add ipddr
2025-09-19 08:18:51,653 [INFO] IPUIPlugin:80 - create IPUIPlugin
2025-09-19 08:18:51,653 [INFO] PluginManager:220 - loadIPPluginJar : add i2s
2025-09-19 08:18:51,654 [INFO] IPUIPlugin:80 - create IPUIPlugin
2025-09-19 08:18:51,654 [INFO] PluginManager:220 - loadIPPluginJar : add tim
2025-09-19 08:18:51,659 [INFO] IPUIPlugin:80 - create IPUIPlugin
2025-09-19 08:18:51,659 [INFO] PluginManager:220 - loadIPPluginJar : add mdma
2025-09-19 08:18:51,660 [INFO] IPUIPlugin:80 - create IPUIPlugin
2025-09-19 08:18:51,660 [INFO] PluginManager:220 - loadIPPluginJar : add tsc
2025-09-19 08:18:51,661 [INFO] IPUIPlugin:80 - create IPUIPlugin
2025-09-19 08:18:51,661 [INFO] PluginManager:220 - loadIPPluginJar : add fatfs
2025-09-19 08:18:51,664 [INFO] IPUIPlugin:80 - create IPUIPlugin
2025-09-19 08:18:51,665 [INFO] PluginManager:220 - loadIPPluginJar : add gpio
2025-09-19 08:18:51,668 [INFO] IPUIPlugin:80 - create IPUIPlugin
2025-09-19 08:18:51,668 [INFO] PluginManager:220 - loadIPPluginJar : add gic
2025-09-19 08:18:51,670 [INFO] IPUIPlugin:80 - create IPUIPlugin
2025-09-19 08:18:51,670 [INFO] PluginManager:220 - loadIPPluginJar : add can
2025-09-19 08:18:51,672 [INFO] IPUIPlugin:80 - create IPUIPlugin
2025-09-19 08:18:51,672 [INFO] PluginManager:220 - loadIPPluginJar : add openamp
2025-09-19 08:18:51,676 [INFO] IPUIPlugin:80 - create IPUIPlugin
2025-09-19 08:18:51,676 [INFO] PluginManager:220 - loadIPPluginJar : add freertos
2025-09-19 08:18:51,767 [FATAL] Updater:351 - Updater called before beeing initialized
2025-09-19 08:18:51,786 [INFO] RulesReader:64 - Compatibility file has been processed (301 Rules)
2025-09-19 08:18:51,793 [INFO] RulesReader:64 - Compatibility file has been processed (301 Rules)
2025-09-19 08:18:51,798 [INFO] CADModel:165 - CPN selected for project level
2025-09-19 08:18:51,798 [INFO] CADModel:114 - Register for checkConnection events
2025-09-19 08:18:51,798 [FATAL] Updater:351 - Updater called before beeing initialized
2025-09-19 08:18:51,798 [ERROR] CADModel:125 - Updater not yet initialized, retry later 
2025-09-19 08:18:51,937 [FATAL] Updater:351 - Updater called before beeing initialized
2025-09-19 08:18:51,939 [INFO] CADModel:165 - CPN selected for project level
2025-09-19 08:18:51,939 [INFO] CADModel:114 - Register for checkConnection events
2025-09-19 08:18:51,939 [FATAL] Updater:351 - Updater called before beeing initialized
2025-09-19 08:18:51,939 [ERROR] CADModel:125 - Updater not yet initialized, retry later 
2025-09-19 08:18:51,941 [FATAL] Updater:351 - Updater called before beeing initialized
2025-09-19 08:18:52,005 [FATAL] Updater:351 - Updater called before beeing initialized
2025-09-19 08:18:52,008 [INFO] DbMcusAds:53 - JSON generation date=Tue Jul 08 10:14:23 CEST 2025 (1751962463582)
2025-09-19 08:18:52,008 [FATAL] Updater:351 - Updater called before beeing initialized
2025-09-19 08:18:52,032 [WARN] DetailPanel:346 - Failed to get advertising image, set to default
2025-09-19 08:18:52,212 [FATAL] Updater:351 - Updater called before beeing initialized
2025-09-19 08:18:52,213 [FATAL] Updater:351 - Updater called before beeing initialized
2025-09-19 08:18:52,213 [FATAL] Updater:351 - Updater called before beeing initialized
2025-09-19 08:18:52,213 [WARN] DetailPanel:346 - Failed to get advertising image, set to default
2025-09-19 08:18:52,214 [FATAL] Updater:351 - Updater called before beeing initialized
2025-09-19 08:18:52,240 [ERROR] Updater:1198 - MainUpdater not yet initialized. External WinMGr cannot be set.
2025-09-19 08:18:52,241 [INFO] Updater:1134 - Updater Version found : 6.14.0
2025-09-19 08:18:52,256 [INFO] ApplicationProperties:184 - Using Application install path: /opt/st/stm32cubeide_1.18.0/plugins/com.st.stm32cube.common.mx_6.14.0.202502271554
2025-09-19 08:18:52,543 [INFO] MainUpdater:2872 - connection check result : 10
2025-09-19 08:18:52,544 [INFO] MainUpdater:289 - Updater Check For Update Now.
2025-09-19 08:18:52,544 [INFO] MicroXplorer:498 - Change Database Version : DB.6.0.140
2025-09-19 08:18:52,548 [INFO] McuFinderGlobals:63 - Set McuFinder mode to 2 (CubeIDE integrated)
2025-09-19 08:18:52,549 [INFO] UserAuth:171 - activating auth plugin
2025-09-19 08:18:52,550 [INFO] UserAuth:486 - Internet connection configuration mode: 1
2025-09-19 08:18:52,567 [INFO] JxBrowserEngine:152 - Initiate JxBrowser Engine with user profile folder
2025-09-19 08:18:52,701 [INFO] CheckServerUpdateThread:120 - End of CheckServer Thread
2025-09-19 08:18:53,378 [INFO] WebApp:169 - Instantiating new browser for Auth
2025-09-19 08:18:54,075 [INFO] WebApp:463 - Apply proxy settings
2025-09-19 08:18:54,075 [INFO] WebApp:548 - Chromium requires no authentication
2025-09-19 08:18:54,083 [INFO] WebApp:491 - Direct internet connection detected
2025-09-19 08:18:54,098 [INFO] WebApp:894 - Register for checkConnection events
2025-09-19 08:18:54,098 [INFO] WebApp:463 - Apply proxy settings
2025-09-19 08:18:54,098 [INFO] WebApp:548 - Chromium requires no authentication
2025-09-19 08:18:54,098 [INFO] WebApp:491 - Direct internet connection detected
2025-09-19 08:18:54,220 [INFO] WebApp:225 - Starting web application
2025-09-19 08:18:54,220 [INFO] WebApp:593 - Web application path used /opt/st/stm32cubeide_1.18.0/plugins/com.st.stm32cube.common.mx_6.14.0.202502271554/db/plugins/mcufinder/reactClient1/index.html
2025-09-19 08:18:54,376 [WARN] PackLoader:240 - Cannot read IP mode file for STMicroelectronics.FP-SNS-MOTENVWB1.1.4.0
2025-09-19 08:18:54,383 [WARN] PackLoader:240 - Cannot read IP mode file for STMicroelectronics.FP-ATR-ASTRA1.2.0.2
2025-09-19 08:18:54,390 [WARN] PackLoader:240 - Cannot read IP mode file for STMicroelectronics.X-CUBE-SMBUS.2.1.0
2025-09-19 08:18:54,398 [WARN] PackLoader:240 - Cannot read IP mode file for STMicroelectronics.X-CUBE-WB05N.1.1.0
2025-09-19 08:18:54,402 [WARN] PackLoader:240 - Cannot read IP mode file for STMicroelectronics.X-CUBE-ST60.1.0.0
2025-09-19 08:18:54,424 [WARN] PackLoader:240 - Cannot read IP mode file for STMicroelectronics.X-CUBE-AZRTOS-F7.1.1.0
2025-09-19 08:18:54,447 [WARN] PackLoader:240 - Cannot read IP mode file for Infineon.AIROC-Wi-Fi-Bluetooth-STM32.1.7.0
2025-09-19 08:18:54,468 [WARN] PackLoader:240 - Cannot read IP mode file for STMicroelectronics.X-CUBE-AZRTOS-H7.3.4.0
2025-09-19 08:18:54,477 [WARN] PackLoader:240 - Cannot read IP mode file for STMicroelectronics.X-CUBE-DISPLAY.3.0.0
2025-09-19 08:18:54,487 [WARN] PackLoader:240 - Cannot read IP mode file for STMicroelectronics.X-CUBE-NFC10.1.0.0
2025-09-19 08:18:54,495 [WARN] PackLoader:240 - Cannot read IP mode file for STMicroelectronics.X-CUBE-BLEMGR.4.0.0
2025-09-19 08:18:54,501 [WARN] PackLoader:240 - Cannot read IP mode file for emotas.I-CUBE-CANOPEN.1.3.0
2025-09-19 08:18:54,503 [WARN] ConditionMgr:438 - getConditionDescription Invalid condition id : Cortex-A Device cause : null
2025-09-19 08:18:54,512 [WARN] ConditionMgr:1044 - genDependencies : Invalid condition id : Cortex-A Device cause : null
2025-09-19 08:18:54,512 [WARN] ConditionMgr:1044 - genDependencies : Invalid condition id : Cortex-A Device cause : null
2025-09-19 08:18:54,512 [WARN] ConditionMgr:1044 - genDependencies : Invalid condition id : Cortex-A Device cause : null
2025-09-19 08:18:54,514 [WARN] PackLoader:240 - Cannot read IP mode file for STMicroelectronics.X-CUBE-AI.10.0.0
2025-09-19 08:18:54,518 [ERROR] Engine:466 - /home/lenovo/.stm32cubemx/thirdparties/pdsc/STMicroelectronics.FP-SNS-STBOX1.2.1.0.pdsc: PDSC version is not supported
2025-09-19 08:18:54,521 [WARN] PackLoader:240 - Cannot read IP mode file for STMicroelectronics.FP-SNS-SMARTAG2.1.2.0
2025-09-19 08:18:54,525 [WARN] PackLoader:240 - Cannot read IP mode file for STMicroelectronics.FP-SNS-FLIGHT1.5.1.0
2025-09-19 08:18:54,553 [WARN] PackLoader:240 - Cannot read IP mode file for STMicroelectronics.X-CUBE-MEMS1.11.1.0
2025-09-19 08:18:54,737 [INFO] LogOutputStream:77 - [STDOUT_REDIRECT] 1 : Invalid condition id : UX_CORESTACK_Condition cause : null
2025-09-19 08:18:54,738 [INFO] LogOutputStream:77 - [STDOUT_REDIRECT] 1 : Invalid condition id : UX_CORESTACK_Condition cause : null
2025-09-19 08:18:54,738 [INFO] LogOutputStream:77 - [STDOUT_REDIRECT] 1 : Invalid condition id : UX_CORESTACK_Condition cause : null
2025-09-19 08:18:54,738 [INFO] LogOutputStream:77 - [STDOUT_REDIRECT] 1 : Invalid condition id : UX_CORESTACK_Condition cause : null
2025-09-19 08:18:54,739 [INFO] LogOutputStream:77 - [STDOUT_REDIRECT] 1 : Invalid condition id : UX_CORESTACK_Condition cause : null
2025-09-19 08:18:54,742 [WARN] PackLoader:240 - Cannot read IP mode file for STMicroelectronics.X-CUBE-AZRTOS-WL.2.0.0
2025-09-19 08:18:54,744 [INFO] WebApp:191 - Connection restablished
2025-09-19 08:18:54,746 [WARN] PackLoader:240 - Cannot read IP mode file for STMicroelectronics.FP-SNS-MOTENV1.5.0.0
2025-09-19 08:18:54,752 [WARN] PackLoader:240 - Cannot read IP mode file for WES.I-CUBE-Cesium.1.3.0
2025-09-19 08:18:54,756 [WARN] PackLoader:240 - Cannot read IP mode file for STMicroelectronics.X-CUBE-BLE2.3.3.0
2025-09-19 08:18:54,760 [WARN] PackLoader:240 - Cannot read IP mode file for STMicroelectronics.X-CUBE-NFC9.1.0.0
2025-09-19 08:18:54,764 [WARN] PackLoader:240 - Cannot read IP mode file for STMicroelectronics.X-CUBE-BLE1.7.1.0
2025-09-19 08:18:54,767 [WARN] PackLoader:240 - Cannot read IP mode file for wolfSSL.I-CUBE-wolfMQTT.1.19.2
2025-09-19 08:18:54,770 [WARN] PackLoader:240 - Cannot read IP mode file for STMicroelectronics.X-CUBE-EEPRMA1.5.2.0
2025-09-19 08:18:54,774 [WARN] PackLoader:240 - Cannot read IP mode file for STMicroelectronics.X-CUBE-AI.10.1.0
2025-09-19 08:18:54,796 [WARN] PackLoader:240 - Cannot read IP mode file for STMicroelectronics.X-CUBE-MEMS1.11.2.0
2025-09-19 08:18:54,924 [WARN] PackLoader:240 - Cannot read IP mode file for STMicroelectronics.X-CUBE-AZRTOS-G0.1.1.0
2025-09-19 08:18:54,929 [WARN] PackLoader:240 - Cannot read IP mode file for STMicroelectronics.X-CUBE-SAFEA1.1.2.2
2025-09-19 08:18:54,933 [WARN] PackLoader:240 - Cannot read IP mode file for STMicroelectronics.X-CUBE-NFC4.3.0.0
2025-09-19 08:18:54,938 [WARN] PackLoader:240 - Cannot read IP mode file for EmbeddedOffice.I-CUBE-FS-RTOS.1.0.1
2025-09-19 08:18:54,944 [WARN] PackLoader:240 - Cannot read IP mode file for STMicroelectronics.X-CUBE-WB05N.2.0.0
2025-09-19 08:18:54,946 [WARN] PackLoader:240 - Cannot read IP mode file for wolfSSL.I-CUBE-wolfTPM.3.8.0
2025-09-19 08:18:54,949 [WARN] PackLoader:240 - Cannot read IP mode file for STMicroelectronics.X-CUBE-TCPP.4.2.0
2025-09-19 08:18:54,953 [WARN] PackLoader:240 - Cannot read IP mode file for RealThread.X-CUBE-RT-Thread_Nano.4.1.1
2025-09-19 08:18:54,956 [WARN] PackLoader:240 - Cannot read IP mode file for STMicroelectronics.FP-ATR-SIGFOX1.3.2.0
2025-09-19 08:18:54,960 [WARN] PackLoader:240 - Cannot read IP mode file for STMicroelectronics.X-CUBE-EEPRMA1.5.1.0
2025-09-19 08:18:54,964 [WARN] PackLoader:240 - Cannot read IP mode file for wolfSSL.I-CUBE-wolfSSL.5.7.6
2025-09-19 08:18:54,968 [WARN] PackLoader:240 - Cannot read IP mode file for ITTIA_DB.I-CUBE-ITTIADB.8.9.0
2025-09-19 08:18:54,972 [WARN] PackLoader:240 - Cannot read IP mode file for STMicroelectronics.X-CUBE-ST67W61.1.0.0
2025-09-19 08:18:54,975 [WARN] PackLoader:240 - Cannot read IP mode file for STMicroelectronics.X-CUBE-AI.10.2.0
2025-09-19 08:18:54,987 [WARN] PackLoader:240 - Cannot read IP mode file for SEGGER.I-CUBE-embOS.1.3.1
2025-09-19 08:18:55,029 [WARN] PackLoader:240 - Cannot read IP mode file for STMicroelectronics.X-CUBE-ALGOBUILD.1.4.0
2025-09-19 08:18:55,050 [WARN] PackLoader:240 - Cannot read IP mode file for STMicroelectronics.X-CUBE-MEMS1.11.3.0
2025-09-19 08:18:55,186 [WARN] PackLoader:240 - Cannot read IP mode file for STMicroelectronics.X-CUBE-PM33A1.1.0.0
2025-09-19 08:18:55,197 [WARN] PackLoader:240 - Cannot read IP mode file for STMicroelectronics.X-CUBE-AZRTOS-F4.1.1.0
2025-09-19 08:18:55,202 [WARN] PackLoader:240 - Cannot read IP mode file for Avnet-IotConnect.X-CUBE-IoTC-DA16k-PMOD.1.0.0
2025-09-19 08:18:55,205 [WARN] PackLoader:240 - Cannot read IP mode file for STMicroelectronics.X-CUBE-ISPU.2.1.0
2025-09-19 08:18:55,210 [WARN] PackLoader:240 - Cannot read IP mode file for STMicroelectronics.X-CUBE-NFC12.1.0.0
2025-09-19 08:18:55,219 [WARN] PackLoader:240 - Cannot read IP mode file for STMicroelectronics.X-CUBE-AZRTOS-L5.2.0.0
2025-09-19 08:18:55,225 [WARN] PackLoader:240 - Cannot read IP mode file for STMicroelectronics.X-CUBE-NFC6.3.1.0
2025-09-19 08:18:55,231 [WARN] PackLoader:240 - Cannot read IP mode file for STMicroelectronics.X-CUBE-FREERTOS.1.3.1
2025-09-19 08:18:55,244 [WARN] PackLoader:240 - Cannot read IP mode file for STMicroelectronics.X-CUBE-FREERTOS.1.3.0
2025-09-19 08:18:55,248 [WARN] PackLoader:240 - Cannot read IP mode file for STMicroelectronics.X-CUBE-NFC7.1.0.1
2025-09-19 08:18:55,254 [WARN] PackLoader:240 - Cannot read IP mode file for STMicroelectronics.FP-SNS-STAIOTCFT.1.0.0
2025-09-19 08:18:55,259 [WARN] PackLoader:240 - Cannot read IP mode file for STMicroelectronics.X-CUBE-DPower.1.3.0
2025-09-19 08:18:55,274 [WARN] ConditionMgr:438 - getConditionDescription Invalid condition id : LAN8742 Phy interface Condition cause : null
2025-09-19 08:18:55,275 [WARN] PackLoader:240 - Cannot read IP mode file for STMicroelectronics.X-CUBE-AZRTOS-L4.2.0.0
2025-09-19 08:18:55,276 [WARN] ConditionMgr:1044 - genDependencies : Invalid condition id : LAN8742 Phy interface Condition cause : null
2025-09-19 08:18:55,276 [WARN] ConditionMgr:1044 - genDependencies : Invalid condition id : LAN8742 Phy interface Condition cause : null
2025-09-19 08:18:55,277 [WARN] ConditionMgr:1044 - genDependencies : Invalid condition id : LAN8742 Phy interface Condition cause : null
2025-09-19 08:18:55,282 [WARN] PackLoader:240 - Cannot read IP mode file for STMicroelectronics.X-CUBE-SFXS2LP1.4.0.0
2025-09-19 08:18:55,297 [WARN] PackLoader:240 - Cannot read IP mode file for STMicroelectronics.X-CUBE-AZRTOS-H7.3.3.0
2025-09-19 08:18:55,305 [WARN] PackLoader:240 - Cannot read IP mode file for STMicroelectronics.X-CUBE-BLEMGR.4.1.0
2025-09-19 08:18:55,313 [WARN] ConditionMgr:438 - getConditionDescription Invalid condition id : UX DEVICE CLASS RTOS Condition cause : null
2025-09-19 08:18:55,314 [WARN] ConditionMgr:438 - getConditionDescription Invalid condition id : UX DEVICE CLASS RTOS Condition cause : null
2025-09-19 08:18:55,315 [WARN] PackLoader:240 - Cannot read IP mode file for STMicroelectronics.X-CUBE-AZRTOS-WB.2.0.0
2025-09-19 08:18:55,315 [WARN] ConditionMgr:1044 - genDependencies : Invalid condition id : UX DEVICE CLASS RTOS Condition cause : null
2025-09-19 08:18:55,315 [WARN] ConditionMgr:1044 - genDependencies : Invalid condition id : UX DEVICE CLASS RTOS Condition cause : null
2025-09-19 08:18:55,316 [WARN] ConditionMgr:1044 - genDependencies : Invalid condition id : UX DEVICE CLASS RTOS Condition cause : null
2025-09-19 08:18:55,316 [WARN] ConditionMgr:1044 - genDependencies : Invalid condition id : UX DEVICE CLASS RTOS Condition cause : null
2025-09-19 08:18:55,316 [WARN] ConditionMgr:1044 - genDependencies : Invalid condition id : UX DEVICE CLASS RTOS Condition cause : null
2025-09-19 08:18:55,319 [WARN] PackLoader:240 - Cannot read IP mode file for STMicroelectronics.X-CUBE-GNSS1.7.0.1
2025-09-19 08:18:55,323 [WARN] PackLoader:240 - Cannot read IP mode file for STMicroelectronics.X-CUBE-TOUCHGFX.4.25.0
2025-09-19 08:18:55,327 [WARN] PackLoader:240 - Cannot read IP mode file for STMicroelectronics.FP-SNS-STBOX1.2.0.0
2025-09-19 08:18:55,335 [WARN] PackLoader:240 - Cannot read IP mode file for STMicroelectronics.X-CUBE-SUBG2.5.0.0
2025-09-19 08:18:55,354 [WARN] PackLoader:240 - Cannot read IP mode file for STMicroelectronics.X-CUBE-AZRTOS-H7RS.1.1.0
2025-09-19 08:18:55,359 [WARN] PackLoader:240 - Cannot read IP mode file for Cesanta.I-CUBE-Mongoose.7.13.0
2025-09-19 08:18:55,365 [WARN] PackLoader:240 - Cannot read IP mode file for STMicroelectronics.X-CUBE-AZRTOS-G4.2.0.0
2025-09-19 08:18:55,368 [WARN] PackLoader:240 - Cannot read IP mode file for wolfSSL.I-CUBE-wolfSSH.1.4.20
2025-09-19 08:18:55,370 [WARN] PackLoader:240 - Cannot read IP mode file for STMicroelectronics.X-CUBE-NFC7.2.0.0
2025-09-19 08:18:55,378 [WARN] PackLoader:240 - Cannot read IP mode file for STMicroelectronics.X-CUBE-IPS.3.1.0
2025-09-19 08:18:55,388 [WARN] PackLoader:240 - Cannot read IP mode file for STMicroelectronics.X-CUBE-ALS.1.0.2
2025-09-19 08:18:55,393 [WARN] PackLoader:240 - Cannot read IP mode file for STMicroelectronics.X-CUBE-STSE01.1.0.0
2025-09-19 08:18:55,397 [WARN] PackLoader:240 - Cannot read IP mode file for portGmbH.I-Cube-SoM-uGOAL.1.1.0
2025-09-19 08:18:55,402 [WARN] PackLoader:240 - Cannot read IP mode file for STMicroelectronics.X-CUBE-TOF1.3.4.2
2025-09-19 08:18:55,418 [WARN] PackLoader:240 - Cannot read IP mode file for STMicroelectronics.X-CUBE-TOF1.3.4.3
2025-09-19 08:18:55,431 [INFO] ThirdParty:978 - Integrity check success = true
2025-09-19 08:18:55,431 [INFO] IntegrityCheckThread:100 - exiting critical section [integrity check]
2025-09-19 08:18:55,431 [INFO] IntegrityCheckThread:103 - End integrity checks thread
2025-09-19 09:42:23,805 [INFO] WebApp:194 - Connection lost
2025-09-19 09:43:03,992 [INFO] WebApp:191 - Connection restablished
2025-09-19 09:43:32,638 [INFO] WebApp:194 - Connection lost
2025-09-19 09:43:49,237 [INFO] WebApp:191 - Connection restablished
2025-09-19 09:43:49,876 [INFO] WebApp:194 - Connection lost
2025-09-19 09:43:49,998 [INFO] WebApp:191 - Connection restablished
2025-09-19 09:43:52,594 [INFO] WebApp:194 - Connection lost
2025-09-19 09:43:52,714 [INFO] WebApp:191 - Connection restablished
2025-09-19 09:45:12,003 [INFO] WebApp:194 - Connection lost
2025-09-19 09:45:35,773 [INFO] WebApp:191 - Connection restablished
2025-09-19 09:45:51,464 [INFO] WebApp:194 - Connection lost
2025-09-19 09:45:51,588 [INFO] WebApp:191 - Connection restablished
2025-09-19 09:51:18,424 [ERROR] LogOutputStream:75 - [STDERR_REDIRECT] 
