21:07:02 **** Build of configuration Debug for project 2_b_gpio_toggl_BSRR ****
make -j12 all 
arm-none-eabi-gcc -mcpu=cortex-m4 -g3 -DDEBUG -c -x assembler-with-cpp -MMD -MP -MF"Startup/startup_stm32f411retx.d" -MT"Startup/startup_stm32f411retx.o" --specs=nano.specs -mfpu=fpv4-sp-d16 -mfloat-abi=hard -mthumb -o "Startup/startup_stm32f411retx.o" "../Startup/startup_stm32f411retx.s"
arm-none-eabi-gcc "../Src/main_toggle_bsrr.c" -mcpu=cortex-m4 -std=gnu11 -g3 -DDEBUG -DNUCLEO_F411RE -DSTM32 -DSTM32F4 -DSTM32F411RETx -DSTM32F411xE -c -I../Inc -I/home/lenovo/Simulation_Linux/stm32_dev/F4_chip_headers/CMSIS/Device/ST/STM32F4xx/Include -I/home/lenovo/Simulation_Linux/stm32_dev/F4_chip_headers/CMSIS/Include -O0 -ffunction-sections -fdata-sections -Wall -fstack-usage -fcyclomatic-complexity -MMD -MP -MF"Src/main_toggle_bsrr.d" -MT"Src/main_toggle_bsrr.o" --specs=nano.specs -mfpu=fpv4-sp-d16 -mfloat-abi=hard -mthumb -o "Src/main_toggle_bsrr.o"
arm-none-eabi-gcc "../Src/syscalls.c" -mcpu=cortex-m4 -std=gnu11 -g3 -DDEBUG -DNUCLEO_F411RE -DSTM32 -DSTM32F4 -DSTM32F411RETx -DSTM32F411xE -c -I../Inc -I/home/lenovo/Simulation_Linux/stm32_dev/F4_chip_headers/CMSIS/Device/ST/STM32F4xx/Include -I/home/lenovo/Simulation_Linux/stm32_dev/F4_chip_headers/CMSIS/Include -O0 -ffunction-sections -fdata-sections -Wall -fstack-usage -fcyclomatic-complexity -MMD -MP -MF"Src/syscalls.d" -MT"Src/syscalls.o" --specs=nano.specs -mfpu=fpv4-sp-d16 -mfloat-abi=hard -mthumb -o "Src/syscalls.o"
arm-none-eabi-gcc "../Src/sysmem.c" -mcpu=cortex-m4 -std=gnu11 -g3 -DDEBUG -DNUCLEO_F411RE -DSTM32 -DSTM32F4 -DSTM32F411RETx -DSTM32F411xE -c -I../Inc -I/home/lenovo/Simulation_Linux/stm32_dev/F4_chip_headers/CMSIS/Device/ST/STM32F4xx/Include -I/home/lenovo/Simulation_Linux/stm32_dev/F4_chip_headers/CMSIS/Include -O0 -ffunction-sections -fdata-sections -Wall -fstack-usage -fcyclomatic-complexity -MMD -MP -MF"Src/sysmem.d" -MT"Src/sysmem.o" --specs=nano.specs -mfpu=fpv4-sp-d16 -mfloat-abi=hard -mthumb -o "Src/sysmem.o"
arm-none-eabi-gcc -o "2_b_gpio_toggl_BSRR.elf" @"objects.list"   -mcpu=cortex-m4 -T"/home/lenovo/Simulation_Linux/stm32_dev/2_b_gpio_toggl_BSRR/STM32F411RETX_FLASH.ld" --specs=nosys.specs -Wl,-Map="2_b_gpio_toggl_BSRR.map" -Wl,--gc-sections -static --specs=nano.specs -mfpu=fpv4-sp-d16 -mfloat-abi=hard -mthumb -Wl,--start-group -lc -lm -Wl,--end-group
Finished building target: 2_b_gpio_toggl_BSRR.elf
 
arm-none-eabi-size  2_b_gpio_toggl_BSRR.elf 
arm-none-eabi-objdump -h -S 2_b_gpio_toggl_BSRR.elf  > "2_b_gpio_toggl_BSRR.list"
   text	   data	    bss	    dec	    hex	filename
    788	      0	   1568	   2356	    934	2_b_gpio_toggl_BSRR.elf
Finished building: default.size.stdout
 
Finished building: 2_b_gpio_toggl_BSRR.list
 

21:07:03 Build Finished. 0 errors, 0 warnings. (took 173ms)

